==========================================
001-migration-3x-to-4x（M1・移行の波ごとに壊れた箇所を数える）
==========================================
出発点: Spring Boot 3.5.16 / 到達点: Spring Boot 4.1.1
作業ディレクトリ: /tmp/sbme-migration.2SNVOt

[apply-wave] base-w0: 出発点のまま（書き換えなし）
[apply-wave] naive-w1: w1 / naive を適用
[apply-wave] naive-w2: w2 / naive を適用
[apply-wave] naive-w3: w3 / naive を適用
[apply-wave] classic-w1: w1 / classic を適用
[apply-wave] classic-w2: w2 / classic を適用
[apply-wave] classic-w3: w3 / classic を適用
------------------------------------------
腕: base / 波: w0
------------------------------------------
終了コード: 0
[INFO] Scanning for projects...
[INFO] 
[INFO] --------------------< com.example:migration-target >--------------------
[INFO] Building migration-target 0.1.0
[INFO]   from pom.xml
[INFO] --------------------------------[ jar ]---------------------------------
[INFO] 
[INFO] --- clean:3.4.1:clean (default-clean) @ migration-target ---
[INFO] 
[INFO] --- resources:3.3.1:resources (default-resources) @ migration-target ---
[INFO] Copying 0 resource from src/main/resources to target/classes
[INFO] Copying 0 resource from src/main/resources to target/classes
[INFO] 
[INFO] --- compiler:3.14.1:compile (default-compile) @ migration-target ---
[INFO] Recompiling the module because of changed source code.
[INFO] Compiling 4 source files with javac [debug deprecation parameters release 25] to target/classes
[INFO] 
[INFO] --- resources:3.3.1:testResources (default-testResources) @ migration-target ---
[INFO] skip non existing resourceDirectory /private/tmp/sbme-migration.2SNVOt/base-w0/src/test/resources
[INFO] 
[INFO] --- compiler:3.14.1:testCompile (default-testCompile) @ migration-target ---
[INFO] Recompiling the module because of changed dependency.
[INFO] Compiling 2 source files with javac [debug deprecation parameters release 25] to target/test-classes
[WARNING] /private/tmp/sbme-migration.2SNVOt/base-w0/src/test/java/com/example/migration/TaskControllerTest.java:[31,6] org.springframework.boot.test.mock.mockito.MockBean in org.springframework.boot.test.mock.mockito has been deprecated and marked for removal
[INFO] 
[INFO] --- surefire:3.5.6:test (default-test) @ migration-target ---
[INFO] Using auto detected provider org.apache.maven.surefire.junitplatform.JUnitPlatformProvider
[INFO] 
[INFO] -------------------------------------------------------
[INFO]  T E S T S
[INFO] -------------------------------------------------------
[INFO] Running com.example.migration.TaskControllerTest
00:39:55.526 [main] INFO org.springframework.test.context.support.AnnotationConfigContextLoaderUtils -- Could not detect default configuration classes for test class [com.example.migration.TaskControllerTest]: TaskControllerTest does not declare any static, non-private, non-final, nested classes annotated with @Configuration.
00:39:55.582 [main] INFO org.springframework.boot.test.context.SpringBootTestContextBootstrapper -- Found @SpringBootConfiguration com.example.migration.MigrationApplication for test class com.example.migration.TaskControllerTest

  .   ____          _            __ _ _
 /\\ / ___'_ __ _ _(_)_ __  __ _ \ \ \ \
( ( )\___ | '_ | '_| | '_ \/ _` | \ \ \ \
 \\/  ___)| |_)| | | | | || (_| |  ) ) ) )
  '  |____| .__|_| |_|_| |_\__, | / / / /
 =========|_|==============|___/=/_/_/_/

 :: Spring Boot ::               (v3.5.16)

2026-08-29T00:39:55.698+09:00  INFO 66144 --- [           main] c.example.migration.TaskControllerTest   : Starting TaskControllerTest using Java 25.0.4 with PID 66144 (started by user in /private/tmp/sbme-migration.2SNVOt/base-w0)
2026-08-29T00:39:55.699+09:00  INFO 66144 --- [           main] c.example.migration.TaskControllerTest   : No active profile set, falling back to 1 default profile: "default"
Mockito is currently self-attaching to enable the inline-mock-maker. This will no longer work in future releases of the JDK. Please add Mockito as an agent to your build as described in Mockito's documentation: https://javadoc.io/doc/org.mockito/mockito-core/latest/org.mockito/org/mockito/Mockito.html#0.3
OpenJDK 64-Bit Server VM warning: Sharing is only supported for boot loader classes because bootstrap classpath has been appended
WARNING: A Java agent has been loaded dynamically (/Users/user/.m2/repository/net/bytebuddy/byte-buddy-agent/1.17.8/byte-buddy-agent-1.17.8.jar)
WARNING: If a serviceability tool is in use, please run with -XX:+EnableDynamicAgentLoading to hide this warning
WARNING: If a serviceability tool is not in use, please run with -Djdk.instrument.traceUsage for more information
WARNING: Dynamic loading of agents will be disallowed by default in a future release
2026-08-29T00:39:56.295+09:00  INFO 66144 --- [           main] o.s.b.t.m.w.SpringBootMockServletContext : Initializing Spring TestDispatcherServlet ''
2026-08-29T00:39:56.295+09:00  INFO 66144 --- [           main] o.s.t.web.servlet.TestDispatcherServlet  : Initializing Servlet ''
2026-08-29T00:39:56.296+09:00  INFO 66144 --- [           main] o.s.t.web.servlet.TestDispatcherServlet  : Completed initialization in 1 ms
2026-08-29T00:39:56.305+09:00  INFO 66144 --- [           main] c.example.migration.TaskControllerTest   : Started TaskControllerTest in 0.706 seconds (process running for 1.018)
[INFO] Tests run: 1, Failures: 0, Errors: 0, Skipped: 0, Time elapsed: 0.899 s -- in com.example.migration.TaskControllerTest
[INFO] Running com.example.migration.TaskServiceTest
[INFO] Tests run: 1, Failures: 0, Errors: 0, Skipped: 0, Time elapsed: 0.017 s -- in com.example.migration.TaskServiceTest
[INFO] 
[INFO] Results:
[INFO] 
[INFO] Tests run: 2, Failures: 0, Errors: 0, Skipped: 0
[INFO] 
[INFO] ------------------------------------------------------------------------
[INFO] BUILD SUCCESS
[INFO] ------------------------------------------------------------------------
[INFO] Total time:  1.925 s
[INFO] Finished at: 2026-08-29T00:39:56+09:00
[INFO] ------------------------------------------------------------------------
------------------------------------------
腕: naive / 波: w1
------------------------------------------
終了コード: 1
[INFO] Scanning for projects...
[INFO] 
[INFO] --------------------< com.example:migration-target >--------------------
[INFO] Building migration-target 0.1.0
[INFO]   from pom.xml
[INFO] --------------------------------[ jar ]---------------------------------
[INFO] 
[INFO] --- clean:3.5.0:clean (default-clean) @ migration-target ---
[INFO] 
[INFO] --- resources:3.5.0:resources (default-resources) @ migration-target ---
[INFO] Copying 0 resource from src/main/resources to target/classes
[INFO] Copying 0 resource from src/main/resources to target/classes
[INFO] 
[INFO] --- compiler:3.15.0:compile (default-compile) @ migration-target ---
[INFO] Recompiling the module because of changed source code.
[INFO] Compiling 4 source files with javac [debug deprecation parameters release 25] to target/classes
[INFO] -------------------------------------------------------------
[ERROR] COMPILATION ERROR : 
[INFO] -------------------------------------------------------------
[ERROR] /private/tmp/sbme-migration.2SNVOt/naive-w1/src/main/java/com/example/migration/TaskController.java:[8,34] package com.fasterxml.jackson.core does not exist
[ERROR] /private/tmp/sbme-migration.2SNVOt/naive-w1/src/main/java/com/example/migration/TaskController.java:[9,38] package com.fasterxml.jackson.databind does not exist
[ERROR] /private/tmp/sbme-migration.2SNVOt/naive-w1/src/main/java/com/example/migration/TaskController.java:[22,19] cannot find symbol
  symbol:   class ObjectMapper
  location: class com.example.migration.TaskController
[ERROR] /private/tmp/sbme-migration.2SNVOt/naive-w1/src/main/java/com/example/migration/TaskController.java:[35,40] cannot find symbol
  symbol:   class JsonProcessingException
  location: class com.example.migration.TaskController
[ERROR] /private/tmp/sbme-migration.2SNVOt/naive-w1/src/main/java/com/example/migration/TaskController.java:[22,45] cannot find symbol
  symbol:   class ObjectMapper
  location: class com.example.migration.TaskController
[INFO] 5 errors 
[INFO] -------------------------------------------------------------
[INFO] ------------------------------------------------------------------------
[INFO] BUILD FAILURE
[INFO] ------------------------------------------------------------------------
[INFO] Total time:  0.557 s
[INFO] Finished at: 2026-08-29T00:39:57+09:00
[INFO] ------------------------------------------------------------------------
[ERROR] Failed to execute goal org.apache.maven.plugins:maven-compiler-plugin:3.15.0:compile (default-compile) on project migration-target: Compilation failure: Compilation failure: 
[ERROR] /private/tmp/sbme-migration.2SNVOt/naive-w1/src/main/java/com/example/migration/TaskController.java:[8,34] package com.fasterxml.jackson.core does not exist
[ERROR] /private/tmp/sbme-migration.2SNVOt/naive-w1/src/main/java/com/example/migration/TaskController.java:[9,38] package com.fasterxml.jackson.databind does not exist
[ERROR] /private/tmp/sbme-migration.2SNVOt/naive-w1/src/main/java/com/example/migration/TaskController.java:[22,19] cannot find symbol
[ERROR]   symbol:   class ObjectMapper
[ERROR]   location: class com.example.migration.TaskController
[ERROR] /private/tmp/sbme-migration.2SNVOt/naive-w1/src/main/java/com/example/migration/TaskController.java:[35,40] cannot find symbol
[ERROR]   symbol:   class JsonProcessingException
[ERROR]   location: class com.example.migration.TaskController
[ERROR] /private/tmp/sbme-migration.2SNVOt/naive-w1/src/main/java/com/example/migration/TaskController.java:[22,45] cannot find symbol
[ERROR]   symbol:   class ObjectMapper
[ERROR]   location: class com.example.migration.TaskController
[ERROR] -> [Help 1]
[ERROR] 
[ERROR] To see the full stack trace of the errors, re-run Maven with the -e switch.
[ERROR] Re-run Maven using the -X switch to enable full debug logging.
[ERROR] 
[ERROR] For more information about the errors and possible solutions, please read the following articles:
[ERROR] [Help 1] http://cwiki.apache.org/confluence/display/MAVEN/MojoFailureException
------------------------------------------
腕: naive / 波: w2
------------------------------------------
終了コード: 1
[INFO] Scanning for projects...
[INFO] 
[INFO] --------------------< com.example:migration-target >--------------------
[INFO] Building migration-target 0.1.0
[INFO]   from pom.xml
[INFO] --------------------------------[ jar ]---------------------------------
[INFO] 
[INFO] --- clean:3.5.0:clean (default-clean) @ migration-target ---
[INFO] 
[INFO] --- resources:3.5.0:resources (default-resources) @ migration-target ---
[INFO] Copying 0 resource from src/main/resources to target/classes
[INFO] Copying 0 resource from src/main/resources to target/classes
[INFO] 
[INFO] --- compiler:3.15.0:compile (default-compile) @ migration-target ---
[INFO] Recompiling the module because of changed source code.
[INFO] Compiling 4 source files with javac [debug deprecation parameters release 25] to target/classes
[INFO] 
[INFO] --- resources:3.5.0:testResources (default-testResources) @ migration-target ---
[INFO] skip non existing resourceDirectory /private/tmp/sbme-migration.2SNVOt/naive-w2/src/test/resources
[INFO] 
[INFO] --- compiler:3.15.0:testCompile (default-testCompile) @ migration-target ---
[INFO] Recompiling the module because of changed dependency.
[INFO] Compiling 2 source files with javac [debug deprecation parameters release 25] to target/test-classes
[INFO] -------------------------------------------------------------
[ERROR] COMPILATION ERROR : 
[INFO] -------------------------------------------------------------
[ERROR] /private/tmp/sbme-migration.2SNVOt/naive-w2/src/test/java/com/example/migration/TaskControllerTest.java:[7,63] package org.springframework.boot.test.autoconfigure.web.servlet does not exist
[ERROR] /private/tmp/sbme-migration.2SNVOt/naive-w2/src/test/java/com/example/migration/TaskControllerTest.java:[8,50] package org.springframework.boot.test.mock.mockito does not exist
[ERROR] /private/tmp/sbme-migration.2SNVOt/naive-w2/src/test/java/com/example/migration/TaskControllerTest.java:[25,2] cannot find symbol
  symbol: class WebMvcTest
[ERROR] /private/tmp/sbme-migration.2SNVOt/naive-w2/src/test/java/com/example/migration/TaskControllerTest.java:[31,6] cannot find symbol
  symbol:   class MockBean
  location: class com.example.migration.TaskControllerTest
[INFO] 4 errors 
[INFO] -------------------------------------------------------------
[INFO] ------------------------------------------------------------------------
[INFO] BUILD FAILURE
[INFO] ------------------------------------------------------------------------
[INFO] Total time:  0.698 s
[INFO] Finished at: 2026-08-29T00:39:59+09:00
[INFO] ------------------------------------------------------------------------
[ERROR] Failed to execute goal org.apache.maven.plugins:maven-compiler-plugin:3.15.0:testCompile (default-testCompile) on project migration-target: Compilation failure: Compilation failure: 
[ERROR] /private/tmp/sbme-migration.2SNVOt/naive-w2/src/test/java/com/example/migration/TaskControllerTest.java:[7,63] package org.springframework.boot.test.autoconfigure.web.servlet does not exist
[ERROR] /private/tmp/sbme-migration.2SNVOt/naive-w2/src/test/java/com/example/migration/TaskControllerTest.java:[8,50] package org.springframework.boot.test.mock.mockito does not exist
[ERROR] /private/tmp/sbme-migration.2SNVOt/naive-w2/src/test/java/com/example/migration/TaskControllerTest.java:[25,2] cannot find symbol
[ERROR]   symbol: class WebMvcTest
[ERROR] /private/tmp/sbme-migration.2SNVOt/naive-w2/src/test/java/com/example/migration/TaskControllerTest.java:[31,6] cannot find symbol
[ERROR]   symbol:   class MockBean
[ERROR]   location: class com.example.migration.TaskControllerTest
[ERROR] -> [Help 1]
[ERROR] 
[ERROR] To see the full stack trace of the errors, re-run Maven with the -e switch.
[ERROR] Re-run Maven using the -X switch to enable full debug logging.
[ERROR] 
[ERROR] For more information about the errors and possible solutions, please read the following articles:
[ERROR] [Help 1] http://cwiki.apache.org/confluence/display/MAVEN/MojoFailureException
------------------------------------------
腕: naive / 波: w3
------------------------------------------
終了コード: 0
[INFO] Scanning for projects...
[INFO] 
[INFO] --------------------< com.example:migration-target >--------------------
[INFO] Building migration-target 0.1.0
[INFO]   from pom.xml
[INFO] --------------------------------[ jar ]---------------------------------
[INFO] 
[INFO] --- clean:3.5.0:clean (default-clean) @ migration-target ---
[INFO] 
[INFO] --- resources:3.5.0:resources (default-resources) @ migration-target ---
[INFO] Copying 0 resource from src/main/resources to target/classes
[INFO] Copying 0 resource from src/main/resources to target/classes
[INFO] 
[INFO] --- compiler:3.15.0:compile (default-compile) @ migration-target ---
[INFO] Recompiling the module because of changed source code.
[INFO] Compiling 4 source files with javac [debug deprecation parameters release 25] to target/classes
[INFO] 
[INFO] --- resources:3.5.0:testResources (default-testResources) @ migration-target ---
[INFO] skip non existing resourceDirectory /private/tmp/sbme-migration.2SNVOt/naive-w3/src/test/resources
[INFO] 
[INFO] --- compiler:3.15.0:testCompile (default-testCompile) @ migration-target ---
[INFO] Recompiling the module because of changed dependency.
[INFO] Compiling 2 source files with javac [debug deprecation parameters release 25] to target/test-classes
[INFO] 
[INFO] --- surefire:3.5.6:test (default-test) @ migration-target ---
[INFO] Using auto detected provider org.apache.maven.surefire.junitplatform.JUnitPlatformProvider
[INFO] 
[INFO] -------------------------------------------------------
[INFO]  T E S T S
[INFO] -------------------------------------------------------
[INFO] Running com.example.migration.TaskControllerTest
00:40:00.939 [main] INFO org.springframework.test.context.support.AnnotationConfigContextLoaderUtils -- Could not detect default configuration classes for test class [com.example.migration.TaskControllerTest]: TaskControllerTest does not declare any static, non-private, non-final, nested classes annotated with @Configuration.
00:40:00.986 [main] INFO org.springframework.boot.test.context.SpringBootTestContextBootstrapper -- Found @SpringBootConfiguration com.example.migration.MigrationApplication for test class com.example.migration.TaskControllerTest
00:40:00.988 [main] INFO org.springframework.test.context.support.AnnotationConfigContextLoaderUtils -- Could not detect default configuration classes for test class [com.example.migration.TaskControllerTest]: TaskControllerTest does not declare any static, non-private, non-final, nested classes annotated with @Configuration.
00:40:00.991 [main] INFO org.springframework.boot.test.context.SpringBootTestContextBootstrapper -- Found @SpringBootConfiguration com.example.migration.MigrationApplication for test class com.example.migration.TaskControllerTest

  .   ____          _            __ _ _
 /\\ / ___'_ __ _ _(_)_ __  __ _ \ \ \ \
( ( )\___ | '_ | '_| | '_ \/ _` | \ \ \ \
 \\/  ___)| |_)| | | | | || (_| |  ) ) ) )
  '  |____| .__|_| |_|_| |_\__, | / / / /
 =========|_|==============|___/=/_/_/_/

 :: Spring Boot ::                (v4.1.1)

2026-08-29T00:40:01.108+09:00  INFO 66283 --- [           main] c.example.migration.TaskControllerTest   : Starting TaskControllerTest using Java 25.0.4 with PID 66283 (started by user in /private/tmp/sbme-migration.2SNVOt/naive-w3)
2026-08-29T00:40:01.108+09:00  INFO 66283 --- [           main] c.example.migration.TaskControllerTest   : No active profile set, falling back to 1 default profile: "default"
Mockito is currently self-attaching to enable the inline-mock-maker. This will no longer work in future releases of the JDK. Please add Mockito as an agent to your build as described in Mockito's documentation: https://javadoc.io/doc/org.mockito/mockito-core/latest/org.mockito/org/mockito/Mockito.html#0.3
OpenJDK 64-Bit Server VM warning: Sharing is only supported for boot loader classes because bootstrap classpath has been appended
WARNING: A Java agent has been loaded dynamically (/Users/user/.m2/repository/net/bytebuddy/byte-buddy-agent/1.18.11/byte-buddy-agent-1.18.11.jar)
WARNING: If a serviceability tool is in use, please run with -XX:+EnableDynamicAgentLoading to hide this warning
WARNING: If a serviceability tool is not in use, please run with -Djdk.instrument.traceUsage for more information
WARNING: Dynamic loading of agents will be disallowed by default in a future release
2026-08-29T00:40:01.712+09:00  INFO 66283 --- [           main] o.s.b.t.m.w.SpringBootMockServletContext : Initializing Spring TestDispatcherServlet ''
2026-08-29T00:40:01.712+09:00  INFO 66283 --- [           main] o.s.t.web.servlet.TestDispatcherServlet  : Initializing Servlet ''
2026-08-29T00:40:01.715+09:00  INFO 66283 --- [           main] o.s.t.web.servlet.TestDispatcherServlet  : Completed initialization in 1 ms
2026-08-29T00:40:01.729+09:00  INFO 66283 --- [           main] c.example.migration.TaskControllerTest   : Started TaskControllerTest in 0.716 seconds (process running for 1.089)
[INFO] Tests run: 1, Failures: 0, Errors: 0, Skipped: 0, Time elapsed: 0.913 s -- in com.example.migration.TaskControllerTest
[INFO] Running com.example.migration.TaskServiceTest
[INFO] Tests run: 1, Failures: 0, Errors: 0, Skipped: 0, Time elapsed: 0.018 s -- in com.example.migration.TaskServiceTest
[INFO] 
[INFO] Results:
[INFO] 
[INFO] Tests run: 2, Failures: 0, Errors: 0, Skipped: 0
[INFO] 
[INFO] ------------------------------------------------------------------------
[INFO] BUILD SUCCESS
[INFO] ------------------------------------------------------------------------
[INFO] Total time:  2.010 s
[INFO] Finished at: 2026-08-29T00:40:01+09:00
[INFO] ------------------------------------------------------------------------
------------------------------------------
腕: classic / 波: w1
------------------------------------------
終了コード: 1
[INFO] Scanning for projects...
[INFO] 
[INFO] --------------------< com.example:migration-target >--------------------
[INFO] Building migration-target 0.1.0
[INFO]   from pom.xml
[INFO] --------------------------------[ jar ]---------------------------------
[INFO] 
[INFO] --- clean:3.5.0:clean (default-clean) @ migration-target ---
[INFO] 
[INFO] --- resources:3.5.0:resources (default-resources) @ migration-target ---
[INFO] Copying 0 resource from src/main/resources to target/classes
[INFO] Copying 0 resource from src/main/resources to target/classes
[INFO] 
[INFO] --- compiler:3.15.0:compile (default-compile) @ migration-target ---
[INFO] Recompiling the module because of changed source code.
[INFO] Compiling 4 source files with javac [debug deprecation parameters release 25] to target/classes
[INFO] -------------------------------------------------------------
[ERROR] COMPILATION ERROR : 
[INFO] -------------------------------------------------------------
[ERROR] /private/tmp/sbme-migration.2SNVOt/classic-w1/src/main/java/com/example/migration/TaskController.java:[8,34] package com.fasterxml.jackson.core does not exist
[ERROR] /private/tmp/sbme-migration.2SNVOt/classic-w1/src/main/java/com/example/migration/TaskController.java:[9,38] package com.fasterxml.jackson.databind does not exist
[ERROR] /private/tmp/sbme-migration.2SNVOt/classic-w1/src/main/java/com/example/migration/TaskController.java:[22,19] cannot find symbol
  symbol:   class ObjectMapper
  location: class com.example.migration.TaskController
[ERROR] /private/tmp/sbme-migration.2SNVOt/classic-w1/src/main/java/com/example/migration/TaskController.java:[35,40] cannot find symbol
  symbol:   class JsonProcessingException
  location: class com.example.migration.TaskController
[ERROR] /private/tmp/sbme-migration.2SNVOt/classic-w1/src/main/java/com/example/migration/TaskController.java:[22,45] cannot find symbol
  symbol:   class ObjectMapper
  location: class com.example.migration.TaskController
[INFO] 5 errors 
[INFO] -------------------------------------------------------------
[INFO] ------------------------------------------------------------------------
[INFO] BUILD FAILURE
[INFO] ------------------------------------------------------------------------
[INFO] Total time:  0.684 s
[INFO] Finished at: 2026-08-29T00:40:03+09:00
[INFO] ------------------------------------------------------------------------
[ERROR] Failed to execute goal org.apache.maven.plugins:maven-compiler-plugin:3.15.0:compile (default-compile) on project migration-target: Compilation failure: Compilation failure: 
[ERROR] /private/tmp/sbme-migration.2SNVOt/classic-w1/src/main/java/com/example/migration/TaskController.java:[8,34] package com.fasterxml.jackson.core does not exist
[ERROR] /private/tmp/sbme-migration.2SNVOt/classic-w1/src/main/java/com/example/migration/TaskController.java:[9,38] package com.fasterxml.jackson.databind does not exist
[ERROR] /private/tmp/sbme-migration.2SNVOt/classic-w1/src/main/java/com/example/migration/TaskController.java:[22,19] cannot find symbol
[ERROR]   symbol:   class ObjectMapper
[ERROR]   location: class com.example.migration.TaskController
[ERROR] /private/tmp/sbme-migration.2SNVOt/classic-w1/src/main/java/com/example/migration/TaskController.java:[35,40] cannot find symbol
[ERROR]   symbol:   class JsonProcessingException
[ERROR]   location: class com.example.migration.TaskController
[ERROR] /private/tmp/sbme-migration.2SNVOt/classic-w1/src/main/java/com/example/migration/TaskController.java:[22,45] cannot find symbol
[ERROR]   symbol:   class ObjectMapper
[ERROR]   location: class com.example.migration.TaskController
[ERROR] -> [Help 1]
[ERROR] 
[ERROR] To see the full stack trace of the errors, re-run Maven with the -e switch.
[ERROR] Re-run Maven using the -X switch to enable full debug logging.
[ERROR] 
[ERROR] For more information about the errors and possible solutions, please read the following articles:
[ERROR] [Help 1] http://cwiki.apache.org/confluence/display/MAVEN/MojoFailureException
------------------------------------------
腕: classic / 波: w2
------------------------------------------
終了コード: 1
[INFO] Scanning for projects...
[INFO] 
[INFO] --------------------< com.example:migration-target >--------------------
[INFO] Building migration-target 0.1.0
[INFO]   from pom.xml
[INFO] --------------------------------[ jar ]---------------------------------
[INFO] 
[INFO] --- clean:3.5.0:clean (default-clean) @ migration-target ---
[INFO] 
[INFO] --- resources:3.5.0:resources (default-resources) @ migration-target ---
[INFO] Copying 0 resource from src/main/resources to target/classes
[INFO] Copying 0 resource from src/main/resources to target/classes
[INFO] 
[INFO] --- compiler:3.15.0:compile (default-compile) @ migration-target ---
[INFO] Recompiling the module because of changed source code.
[INFO] Compiling 4 source files with javac [debug deprecation parameters release 25] to target/classes
[INFO] 
[INFO] --- resources:3.5.0:testResources (default-testResources) @ migration-target ---
[INFO] skip non existing resourceDirectory /private/tmp/sbme-migration.2SNVOt/classic-w2/src/test/resources
[INFO] 
[INFO] --- compiler:3.15.0:testCompile (default-testCompile) @ migration-target ---
[INFO] Recompiling the module because of changed dependency.
[INFO] Compiling 2 source files with javac [debug deprecation parameters release 25] to target/test-classes
[INFO] -------------------------------------------------------------
[ERROR] COMPILATION ERROR : 
[INFO] -------------------------------------------------------------
[ERROR] /private/tmp/sbme-migration.2SNVOt/classic-w2/src/test/java/com/example/migration/TaskControllerTest.java:[7,63] package org.springframework.boot.test.autoconfigure.web.servlet does not exist
[ERROR] /private/tmp/sbme-migration.2SNVOt/classic-w2/src/test/java/com/example/migration/TaskControllerTest.java:[8,50] package org.springframework.boot.test.mock.mockito does not exist
[ERROR] /private/tmp/sbme-migration.2SNVOt/classic-w2/src/test/java/com/example/migration/TaskControllerTest.java:[25,2] cannot find symbol
  symbol: class WebMvcTest
[ERROR] /private/tmp/sbme-migration.2SNVOt/classic-w2/src/test/java/com/example/migration/TaskControllerTest.java:[31,6] cannot find symbol
  symbol:   class MockBean
  location: class com.example.migration.TaskControllerTest
[INFO] 4 errors 
[INFO] -------------------------------------------------------------
[INFO] ------------------------------------------------------------------------
[INFO] BUILD FAILURE
[INFO] ------------------------------------------------------------------------
[INFO] Total time:  0.844 s
[INFO] Finished at: 2026-08-29T00:40:04+09:00
[INFO] ------------------------------------------------------------------------
[ERROR] Failed to execute goal org.apache.maven.plugins:maven-compiler-plugin:3.15.0:testCompile (default-testCompile) on project migration-target: Compilation failure: Compilation failure: 
[ERROR] /private/tmp/sbme-migration.2SNVOt/classic-w2/src/test/java/com/example/migration/TaskControllerTest.java:[7,63] package org.springframework.boot.test.autoconfigure.web.servlet does not exist
[ERROR] /private/tmp/sbme-migration.2SNVOt/classic-w2/src/test/java/com/example/migration/TaskControllerTest.java:[8,50] package org.springframework.boot.test.mock.mockito does not exist
[ERROR] /private/tmp/sbme-migration.2SNVOt/classic-w2/src/test/java/com/example/migration/TaskControllerTest.java:[25,2] cannot find symbol
[ERROR]   symbol: class WebMvcTest
[ERROR] /private/tmp/sbme-migration.2SNVOt/classic-w2/src/test/java/com/example/migration/TaskControllerTest.java:[31,6] cannot find symbol
[ERROR]   symbol:   class MockBean
[ERROR]   location: class com.example.migration.TaskControllerTest
[ERROR] -> [Help 1]
[ERROR] 
[ERROR] To see the full stack trace of the errors, re-run Maven with the -e switch.
[ERROR] Re-run Maven using the -X switch to enable full debug logging.
[ERROR] 
[ERROR] For more information about the errors and possible solutions, please read the following articles:
[ERROR] [Help 1] http://cwiki.apache.org/confluence/display/MAVEN/MojoFailureException
------------------------------------------
腕: classic / 波: w3
------------------------------------------
終了コード: 0
[INFO] Scanning for projects...
[INFO] 
[INFO] --------------------< com.example:migration-target >--------------------
[INFO] Building migration-target 0.1.0
[INFO]   from pom.xml
[INFO] --------------------------------[ jar ]---------------------------------
[INFO] 
[INFO] --- clean:3.5.0:clean (default-clean) @ migration-target ---
[INFO] 
[INFO] --- resources:3.5.0:resources (default-resources) @ migration-target ---
[INFO] Copying 0 resource from src/main/resources to target/classes
[INFO] Copying 0 resource from src/main/resources to target/classes
[INFO] 
[INFO] --- compiler:3.15.0:compile (default-compile) @ migration-target ---
[INFO] Recompiling the module because of changed source code.
[INFO] Compiling 4 source files with javac [debug deprecation parameters release 25] to target/classes
[INFO] 
[INFO] --- resources:3.5.0:testResources (default-testResources) @ migration-target ---
[INFO] skip non existing resourceDirectory /private/tmp/sbme-migration.2SNVOt/classic-w3/src/test/resources
[INFO] 
[INFO] --- compiler:3.15.0:testCompile (default-testCompile) @ migration-target ---
[INFO] Recompiling the module because of changed dependency.
[INFO] Compiling 2 source files with javac [debug deprecation parameters release 25] to target/test-classes
[INFO] 
[INFO] --- surefire:3.5.6:test (default-test) @ migration-target ---
[INFO] Using auto detected provider org.apache.maven.surefire.junitplatform.JUnitPlatformProvider
[INFO] 
[INFO] -------------------------------------------------------
[INFO]  T E S T S
[INFO] -------------------------------------------------------
[INFO] Running com.example.migration.TaskControllerTest
00:40:06.847 [main] INFO org.springframework.test.context.support.AnnotationConfigContextLoaderUtils -- Could not detect default configuration classes for test class [com.example.migration.TaskControllerTest]: TaskControllerTest does not declare any static, non-private, non-final, nested classes annotated with @Configuration.
00:40:06.897 [main] INFO org.springframework.boot.test.context.SpringBootTestContextBootstrapper -- Found @SpringBootConfiguration com.example.migration.MigrationApplication for test class com.example.migration.TaskControllerTest
00:40:06.899 [main] INFO org.springframework.test.context.support.AnnotationConfigContextLoaderUtils -- Could not detect default configuration classes for test class [com.example.migration.TaskControllerTest]: TaskControllerTest does not declare any static, non-private, non-final, nested classes annotated with @Configuration.
00:40:06.905 [main] INFO org.springframework.boot.test.context.SpringBootTestContextBootstrapper -- Found @SpringBootConfiguration com.example.migration.MigrationApplication for test class com.example.migration.TaskControllerTest

  .   ____          _            __ _ _
 /\\ / ___'_ __ _ _(_)_ __  __ _ \ \ \ \
( ( )\___ | '_ | '_| | '_ \/ _` | \ \ \ \
 \\/  ___)| |_)| | | | | || (_| |  ) ) ) )
  '  |____| .__|_| |_|_| |_\__, | / / / /
 =========|_|==============|___/=/_/_/_/

 :: Spring Boot ::                (v4.1.1)

2026-08-29T00:40:07.026+09:00  INFO 66421 --- [           main] c.example.migration.TaskControllerTest   : Starting TaskControllerTest using Java 25.0.4 with PID 66421 (started by user in /private/tmp/sbme-migration.2SNVOt/classic-w3)
2026-08-29T00:40:07.026+09:00  INFO 66421 --- [           main] c.example.migration.TaskControllerTest   : No active profile set, falling back to 1 default profile: "default"
Mockito is currently self-attaching to enable the inline-mock-maker. This will no longer work in future releases of the JDK. Please add Mockito as an agent to your build as described in Mockito's documentation: https://javadoc.io/doc/org.mockito/mockito-core/latest/org.mockito/org/mockito/Mockito.html#0.3
OpenJDK 64-Bit Server VM warning: Sharing is only supported for boot loader classes because bootstrap classpath has been appended
WARNING: A Java agent has been loaded dynamically (/Users/user/.m2/repository/net/bytebuddy/byte-buddy-agent/1.18.11/byte-buddy-agent-1.18.11.jar)
WARNING: If a serviceability tool is in use, please run with -XX:+EnableDynamicAgentLoading to hide this warning
WARNING: If a serviceability tool is not in use, please run with -Djdk.instrument.traceUsage for more information
WARNING: Dynamic loading of agents will be disallowed by default in a future release
2026-08-29T00:40:07.662+09:00  INFO 66421 --- [           main] o.s.b.t.m.w.SpringBootMockServletContext : Initializing Spring TestDispatcherServlet ''
2026-08-29T00:40:07.662+09:00  INFO 66421 --- [           main] o.s.t.web.servlet.TestDispatcherServlet  : Initializing Servlet ''
2026-08-29T00:40:07.663+09:00  INFO 66421 --- [           main] o.s.t.web.servlet.TestDispatcherServlet  : Completed initialization in 1 ms
2026-08-29T00:40:07.674+09:00  INFO 66421 --- [           main] c.example.migration.TaskControllerTest   : Started TaskControllerTest in 0.745 seconds (process running for 1.147)
[INFO] Tests run: 1, Failures: 0, Errors: 0, Skipped: 0, Time elapsed: 0.963 s -- in com.example.migration.TaskControllerTest
[INFO] Running com.example.migration.TaskServiceTest
[INFO] Tests run: 1, Failures: 0, Errors: 0, Skipped: 0, Time elapsed: 0.018 s -- in com.example.migration.TaskServiceTest
[INFO] 
[INFO] Results:
[INFO] 
[INFO] Tests run: 2, Failures: 0, Errors: 0, Skipped: 0
[INFO] 
[INFO] ------------------------------------------------------------------------
[INFO] BUILD SUCCESS
[INFO] ------------------------------------------------------------------------
[INFO] Total time:  2.235 s
[INFO] Finished at: 2026-08-29T00:40:07+09:00
[INFO] ------------------------------------------------------------------------
==========================================
結果
==========================================
  base-w0      N1=  0  N2=  1  緑  tests=2
      [N2] TaskControllerTest.java:31
  naive-w1     N1=  4  N2=  0  赤  tests=0
      [N1] TaskController.java:22
      [N1] TaskController.java:35
      [N1] TaskController.java:8
      [N1] TaskController.java:9
  naive-w2     N1=  4  N2=  0  赤  tests=0
      [N1] TaskControllerTest.java:25
      [N1] TaskControllerTest.java:31
      [N1] TaskControllerTest.java:7
      [N1] TaskControllerTest.java:8
  naive-w3     N1=  0  N2=  0  緑  tests=2
  classic-w1   N1=  4  N2=  0  赤  tests=0
      [N1] TaskController.java:22
      [N1] TaskController.java:35
      [N1] TaskController.java:8
      [N1] TaskController.java:9
  classic-w2   N1=  4  N2=  0  赤  tests=0
      [N1] TaskControllerTest.java:25
      [N1] TaskControllerTest.java:31
      [N1] TaskControllerTest.java:7
      [N1] TaskControllerTest.java:8
  classic-w3   N1=  0  N2=  0  緑  tests=2

  naive が緑になった波: w3
  classic が緑になった波: w3

summary: /Users/user/work/repo/spring-boot-modern-examples/results/001-migration-3x-to-4x/summary.json
生ログ: /Users/user/work/repo/spring-boot-modern-examples/results/001-migration-3x-to-4x/run.log
