=== シナリオ: 002-steady-design / モード: M1 ===
実行日時: 2026-08-27T13:40:38Z
計測: 10s / 既定ウォームアップ: 8s / ポート: 18080

--- 環境 ---
os: Darwin 25.5.0
arch: arm64
cpu: 14 コア
java: openjdk version "25.0.4" 2026-07-21 LTS

--- ビルド（clean を挟む）---
jar: 21983846 bytes

--- A. 同時実行スイープ（n=2,000 固定・サーバは 1 度だけ立てる）---
  conc16: 46279.3 rps / p99 0.65 ms / エラー 0 件
  conc32: 44593.1 rps / p99 1.67 ms / エラー 0 件
  conc64: 42860.9 rps / p99 3.82 ms / エラー 0 件
  conc128: 42160.3 rps / p99 7.63 ms / エラー 0 件

--- B. 計算量スイープ（同時実行 8 固定・サーバは 1 度だけ立てる）---
  n2000: 46191.7 rps / p99 0.27 ms / エラー 0 件
  n20000: 43717.6 rps / p99 0.27 ms / エラー 0 件
  n100000: 24754.6 rps / p99 0.41 ms / エラー 0 件
  n300000: 11441.4 rps / p99 0.79 ms / エラー 0 件
  n1000000: 4026.2 rps / p99 2.13 ms / エラー 0 件

--- C. ウォームアップスイープ（n=1,000,000・同時実行 8・各点でサーバを立て直す）---
  warmup2: 4001.2 rps / p99 2.35 ms / エラー 0 件
  warmup8: 4011.1 rps / p99 2.19 ms / エラー 0 件
  warmup20: 4029.9 rps / p99 2.15 ms / エラー 0 件
  warmup40: 4029.9 rps / p99 2.13 ms / エラー 0 件


=== 完了 ===
