=== シナリオ: 002-startup-3ways / モード: M3 ===
実行日時: 2026-08-27T11:53:29Z
腕: jvm,jvmx,aotfat,aot,native / セット数: 7（+ 捨て走り 1 セット）

--- 環境 ---
os: Darwin 25.5.0
arch: arm64
java: openjdk version "25.0.4" 2026-07-21 LTS
maven: Apache Maven 3.9.12 (848fbb4bf2d427b72bdb2471c22fced7ebd9a7a1)
graalvm: native-image 25.0.2 2026-01-20

--- 成果物をすべて先に揃える（計測の前にビルドを終わらせる）---
jar: /var/folders/9b/bg3sc7qd53n9gqqvqmxhrwhr0000gn/T/tmp.tZTFYiYd2Q/app.jar (21983846 bytes)  ← target から退避した素の jar

--- 展開（Spring Boot 公式の手順）---
展開先: /var/folders/9b/bg3sc7qd53n9gqqvqmxhrwhr0000gn/T/tmp.tZTFYiYd2Q/application 中身: app.jar lib / 合計 21775294 bytes

--- AOT キャッシュ生成・展開せずに当てる（手順を飛ばした場合）---

  .   ____          _            __ _ _
 /\\ / ___'_ __ _ _(_)_ __  __ _ \ \ \ \
( ( )\___ | '_ | '_| | '_ \/ _` | \ \ \ \
 \\/  ___)| |_)| | | | | || (_| |  ) ) ) )
  '  |____| .__|_| |_|_| |_\__, | / / / /
 =========|_|==============|___/=/_/_/_/

 :: Spring Boot ::                (v4.1.1)

2026-08-27T20:53:32.049+09:00  INFO 48979 --- [           main] com.example.measure.MeasureApplication   : Starting MeasureApplication v0.1.0 using Java 25.0.4 with PID 48979 (/private/var/folders/9b/bg3sc7qd53n9gqqvqmxhrwhr0000gn/T/tmp.tZTFYiYd2Q/app.jar started by user in /private/var/folders/9b/bg3sc7qd53n9gqqvqmxhrwhr0000gn/T/tmp.tZTFYiYd2Q)
2026-08-27T20:53:32.051+09:00  INFO 48979 --- [           main] com.example.measure.MeasureApplication   : No active profile set, falling back to 1 default profile: "default"
2026-08-27T20:53:32.410+09:00  INFO 48979 --- [           main] o.s.boot.tomcat.TomcatWebServer          : Tomcat initialized with port 8080 (http)
2026-08-27T20:53:32.415+09:00  INFO 48979 --- [           main] o.apache.catalina.core.StandardService   : Starting service [Tomcat]
2026-08-27T20:53:32.415+09:00  INFO 48979 --- [           main] o.apache.catalina.core.StandardEngine    : Starting Servlet engine: [Apache Tomcat/11.0.24]
2026-08-27T20:53:32.423+09:00  INFO 48979 --- [           main] b.w.c.s.WebApplicationContextInitializer : Root WebApplicationContext: initialization completed in 350 ms
2026-08-27T20:53:32.612+09:00  INFO 48979 --- [           main] o.s.b.a.e.web.EndpointLinksResolver      : Exposing 1 endpoint beneath base path '/actuator'
[0.936s][warning][aot] Preload Warning: Verification failed for org.springframework.core.ReactiveAdapterRegistry$ReactorAdapter
[0.947s][warning][aot] Preload Warning: Verification failed for io.micrometer.core.instrument.binder.logging.Log4j2Metrics
[0.961s][warning][aot] Preload Warning: Verification failed for org.springframework.boot.logging.log4j2.Log4J2LoggingSystem
[0.971s][warning][aot] Preload Warning: Verification failed for org.springframework.web.servlet.view.freemarker.FreeMarkerView
[0.987s][warning][aot] Skipping jdk/internal/event/Event: JFR event class
[0.988s][warning][aot] Skipping org/springframework/core/ReactiveAdapterRegistry$ReactorAdapter: Failed verification
[0.988s][warning][aot] Skipping org/springframework/web/servlet/view/freemarker/FreeMarkerView: Failed verification
[0.988s][warning][aot] Skipping org/springframework/boot/logging/log4j2/Log4J2LoggingSystem: Failed verification
[0.988s][warning][aot] Skipping jdk/internal/event/ThreadSleepEvent: Not in loaded state
[0.988s][warning][aot] Skipping jdk/internal/event/ThreadSleepEvent: JFR event class
[0.988s][warning][aot] Skipping com/sun/proxy/jdk/proxy1/$Proxy69: Unsupported location
[0.988s][warning][aot] Skipping jdk/proxy1/$Proxy3: Unsupported location
[0.988s][warning][aot] Skipping jdk/proxy1/$Proxy4: Unsupported location
[0.988s][warning][aot] Skipping jdk/proxy1/$Proxy16: Unsupported location
[0.989s][warning][aot] Skipping jdk/proxy1/$Proxy19: Unsupported location
[0.989s][warning][aot] Skipping jdk/internal/event/SecurityProviderServiceEvent: JFR event class
[0.989s][warning][aot] Skipping jdk/proxy1/$Proxy7: Unsupported location
[0.989s][warning][aot] Skipping io/micrometer/core/instrument/binder/logging/Log4j2Metrics: Failed verification
[0.989s][warning][aot] Skipping jdk/proxy1/$Proxy0: Unsupported location
[0.989s][warning][aot] Skipping jdk/proxy1/$Proxy1: Unsupported location
Temporary AOTConfiguration recorded: fat.aot.config
Launching child process /Users/user/.sdkman/candidates/java/25.0.4-tem/bin/java to assemble AOT cache fat.aot using configuration fat.aot.config
Picked up JAVA_TOOL_OPTIONS: -Djava.class.path=app.jar -Dspring.context.exit=onRefresh -XX:AOTCacheOutput=fat.aot -XX:AOTConfiguration=fat.aot.config -XX:AOTMode=create
Reading AOTConfiguration fat.aot.config and writing AOTCache fat.aot
AOTCache creation is complete: fat.aot 54984704 bytes
Removed temporary AOT configuration file fat.aot.config
cache(展開なし): /var/folders/9b/bg3sc7qd53n9gqqvqmxhrwhr0000gn/T/tmp.tZTFYiYd2Q/fat.aot (54984704 bytes) / build 2s / 警告 20 件

--- AOT キャッシュ生成・展開した形（公式の手順）---

  .   ____          _            __ _ _
 /\\ / ___'_ __ _ _(_)_ __  __ _ \ \ \ \
( ( )\___ | '_ | '_| | '_ \/ _` | \ \ \ \
 \\/  ___)| |_)| | | | | || (_| |  ) ) ) )
  '  |____| .__|_| |_|_| |_\__, | / / / /
 =========|_|==============|___/=/_/_/_/

 :: Spring Boot ::                (v4.1.1)

[0.380s][warning][aot] class org/springframework/core/type/classreading/ClassFileMetadataReaderFactory cannot be archived because it was not defined from /private/var/folders/9b/bg3sc7qd53n9gqqvqmxhrwhr0000gn/T/tmp.tZTFYiYd2Q/application/lib/spring-core-7.0.9.jar as claimed
2026-08-27T20:53:34.151+09:00  INFO 49015 --- [           main] com.example.measure.MeasureApplication   : Starting MeasureApplication v0.1.0 using Java 25.0.4 with PID 49015 (/private/var/folders/9b/bg3sc7qd53n9gqqvqmxhrwhr0000gn/T/tmp.tZTFYiYd2Q/application/app.jar started by user in /private/var/folders/9b/bg3sc7qd53n9gqqvqmxhrwhr0000gn/T/tmp.tZTFYiYd2Q/application)
2026-08-27T20:53:34.152+09:00  INFO 49015 --- [           main] com.example.measure.MeasureApplication   : No active profile set, falling back to 1 default profile: "default"
[0.429s][warning][aot] class org/springframework/core/type/classreading/ClassFileMetadataReader cannot be archived because it was not defined from /private/var/folders/9b/bg3sc7qd53n9gqqvqmxhrwhr0000gn/T/tmp.tZTFYiYd2Q/application/lib/spring-core-7.0.9.jar as claimed
[0.430s][warning][aot] class org/springframework/core/type/classreading/ClassFileAnnotationMetadata cannot be archived because it was not defined from /private/var/folders/9b/bg3sc7qd53n9gqqvqmxhrwhr0000gn/T/tmp.tZTFYiYd2Q/application/lib/spring-core-7.0.9.jar as claimed
[0.430s][warning][aot] class org/springframework/core/type/classreading/ClassFileAnnotationMetadata$Builder cannot be archived because it was not defined from /private/var/folders/9b/bg3sc7qd53n9gqqvqmxhrwhr0000gn/T/tmp.tZTFYiYd2Q/application/lib/spring-core-7.0.9.jar as claimed
[0.432s][warning][aot] class org/springframework/core/type/classreading/ClassFileMethodMetadata cannot be archived because it was not defined from /private/var/folders/9b/bg3sc7qd53n9gqqvqmxhrwhr0000gn/T/tmp.tZTFYiYd2Q/application/lib/spring-core-7.0.9.jar as claimed
[0.432s][warning][aot] class org/springframework/core/type/classreading/ClassFileMethodMetadata$Source cannot be archived because it was not defined from /private/var/folders/9b/bg3sc7qd53n9gqqvqmxhrwhr0000gn/T/tmp.tZTFYiYd2Q/application/lib/spring-core-7.0.9.jar as claimed
[0.433s][warning][aot] class org/springframework/core/type/classreading/ClassFileAnnotationDelegate cannot be archived because it was not defined from /private/var/folders/9b/bg3sc7qd53n9gqqvqmxhrwhr0000gn/T/tmp.tZTFYiYd2Q/application/lib/spring-core-7.0.9.jar as claimed
[0.434s][warning][aot] class org/springframework/core/type/classreading/ClassFileAnnotationDelegate$Source cannot be archived because it was not defined from /private/var/folders/9b/bg3sc7qd53n9gqqvqmxhrwhr0000gn/T/tmp.tZTFYiYd2Q/application/lib/spring-core-7.0.9.jar as claimed
2026-08-27T20:53:34.534+09:00  INFO 49015 --- [           main] o.s.boot.tomcat.TomcatWebServer          : Tomcat initialized with port 8080 (http)
2026-08-27T20:53:34.542+09:00  INFO 49015 --- [           main] o.apache.catalina.core.StandardService   : Starting service [Tomcat]
2026-08-27T20:53:34.542+09:00  INFO 49015 --- [           main] o.apache.catalina.core.StandardEngine    : Starting Servlet engine: [Apache Tomcat/11.0.24]
2026-08-27T20:53:34.561+09:00  INFO 49015 --- [           main] b.w.c.s.WebApplicationContextInitializer : Root WebApplicationContext: initialization completed in 389 ms
2026-08-27T20:53:34.753+09:00  INFO 49015 --- [           main] o.s.b.a.e.web.EndpointLinksResolver      : Exposing 1 endpoint beneath base path '/actuator'
[1.007s][warning][aot] Preload Warning: Verification failed for org.springframework.core.ReactiveAdapterRegistry$ReactorAdapter
[1.018s][warning][aot] Preload Warning: Verification failed for io.micrometer.core.instrument.binder.logging.Log4j2Metrics
[1.032s][warning][aot] Preload Warning: Verification failed for org.springframework.boot.logging.log4j2.Log4J2LoggingSystem
[1.042s][warning][aot] Preload Warning: Verification failed for org.springframework.web.servlet.view.freemarker.FreeMarkerView
[1.060s][warning][aot] Skipping jdk/internal/event/Event: JFR event class
[1.061s][warning][aot] Skipping org/springframework/core/type/classreading/ClassFileMetadataReaderFactory: Unsupported location
[1.061s][warning][aot] Skipping jdk/proxy2/$Proxy26: Unsupported location
[1.061s][warning][aot] Skipping org/springframework/core/type/classreading/ClassFileMetadataReader: Unsupported location
[1.061s][warning][aot] Skipping jdk/proxy2/$Proxy25: Unsupported location
[1.061s][warning][aot] Skipping jdk/proxy2/$Proxy41: Unsupported location
[1.061s][warning][aot] Skipping jdk/proxy2/$Proxy10: Unsupported location
[1.061s][warning][aot] Skipping jdk/proxy2/$Proxy58: Unsupported location
[1.061s][warning][aot] Skipping jdk/proxy2/$Proxy49: Unsupported location
[1.061s][warning][aot] Skipping org/springframework/core/type/classreading/ClassFileAnnotationMetadata: Unsupported location
[1.061s][warning][aot] Skipping jdk/proxy2/$Proxy42: Unsupported location
[1.061s][warning][aot] Skipping jdk/proxy2/$Proxy50: Unsupported location
[1.061s][warning][aot] Skipping jdk/proxy2/$Proxy43: Unsupported location
[1.061s][warning][aot] Skipping org/springframework/core/$Proxy77: Unsupported location
[1.061s][warning][aot] Skipping jdk/proxy2/$Proxy76: Unsupported location
[1.061s][warning][aot] Skipping jdk/proxy2/$Proxy11: Unsupported location
[1.061s][warning][aot] Skipping jdk/proxy2/$Proxy78: Unsupported location
[1.061s][warning][aot] Skipping jdk/proxy2/$Proxy79: Unsupported location
[1.061s][warning][aot] Skipping jdk/proxy2/$Proxy55: Unsupported location
[1.061s][warning][aot] Skipping jdk/proxy2/$Proxy56: Unsupported location
[1.061s][warning][aot] Skipping jdk/proxy2/$Proxy57: Unsupported location
[1.061s][warning][aot] Skipping jdk/proxy2/$Proxy62: Unsupported location
[1.061s][warning][aot] Skipping jdk/proxy2/$Proxy63: Unsupported location
[1.061s][warning][aot] Skipping jdk/internal/event/ThreadSleepEvent: Not in loaded state
[1.061s][warning][aot] Skipping jdk/internal/event/ThreadSleepEvent: JFR event class
[1.061s][warning][aot] Skipping jdk/proxy2/$Proxy64: Unsupported location
[1.061s][warning][aot] Skipping jdk/proxy2/$Proxy65: Unsupported location
[1.061s][warning][aot] Skipping jdk/proxy2/$Proxy66: Unsupported location
[1.061s][warning][aot] Skipping org/springframework/boot/actuate/autoconfigure/web/server/$Proxy67: Unsupported location
[1.061s][warning][aot] Skipping jdk/proxy2/$Proxy51: Unsupported location
[1.061s][warning][aot] Skipping jdk/proxy2/$Proxy68: Unsupported location
[1.061s][warning][aot] Skipping jdk/proxy2/$Proxy52: Unsupported location
[1.061s][warning][aot] Skipping jdk/proxy2/$Proxy53: Unsupported location
[1.061s][warning][aot] Skipping jdk/proxy2/$Proxy75: Unsupported location
[1.061s][warning][aot] Skipping jdk/proxy2/$Proxy54: Unsupported location
[1.061s][warning][aot] Skipping jdk/proxy2/$Proxy40: Unsupported location
[1.061s][warning][aot] Skipping jdk/proxy2/$Proxy13: Unsupported location
[1.061s][warning][aot] Skipping jdk/proxy2/$Proxy6: Unsupported location
[1.061s][warning][aot] Skipping jdk/proxy2/$Proxy61: Unsupported location
[1.061s][warning][aot] Skipping jdk/proxy2/$Proxy12: Unsupported location
[1.061s][warning][aot] Skipping io/micrometer/core/instrument/binder/logging/Log4j2Metrics: Failed verification
[1.061s][warning][aot] Skipping jdk/proxy2/$Proxy24: Unsupported location
[1.061s][warning][aot] Skipping jdk/proxy2/$Proxy23: Unsupported location
[1.061s][warning][aot] Skipping jdk/proxy2/$Proxy37: Unsupported location
[1.061s][warning][aot] Skipping org/springframework/core/type/classreading/ClassFileAnnotationDelegate$Source: Unsupported location
[1.061s][warning][aot] Skipping jdk/proxy1/$Proxy16: Unsupported location
[1.061s][warning][aot] Skipping jdk/proxy2/$Proxy71: Unsupported location
[1.061s][warning][aot] Skipping jdk/proxy2/$Proxy35: Unsupported location
[1.061s][warning][aot] Skipping jdk/proxy2/$Proxy17: Unsupported location
[1.061s][warning][aot] Skipping jdk/proxy2/$Proxy29: Unsupported location
[1.061s][warning][aot] Skipping jdk/proxy2/$Proxy28: Unsupported location
[1.061s][warning][aot] Skipping jdk/proxy2/$Proxy27: Unsupported location
[1.061s][warning][aot] Skipping jdk/proxy2/$Proxy32: Unsupported location
[1.061s][warning][aot] Skipping jdk/proxy2/$Proxy15: Unsupported location
[1.061s][warning][aot] Skipping jdk/proxy2/$Proxy33: Unsupported location
[1.061s][warning][aot] Skipping jdk/proxy2/$Proxy14: Unsupported location
[1.061s][warning][aot] Skipping jdk/proxy2/$Proxy39: Unsupported location
[1.061s][warning][aot] Skipping jdk/proxy2/$Proxy34: Unsupported location
[1.061s][warning][aot] Skipping jdk/proxy1/$Proxy0: Unsupported location
[1.061s][warning][aot] Skipping jdk/proxy1/$Proxy1: Unsupported location
[1.061s][warning][aot] Skipping jdk/proxy2/$Proxy38: Unsupported location
[1.062s][warning][aot] Skipping org/springframework/core/type/classreading/ClassFileMethodMetadata$Source: Unsupported location
[1.062s][warning][aot] Skipping jdk/proxy2/$Proxy47: Unsupported location
[1.062s][warning][aot] Skipping jdk/proxy2/$Proxy46: Unsupported location
[1.062s][warning][aot] Skipping jdk/proxy2/$Proxy44: Unsupported location
[1.062s][warning][aot] Skipping jdk/proxy1/$Proxy7: Unsupported location
[1.062s][warning][aot] Skipping jdk/proxy2/$Proxy73: Unsupported location
[1.062s][warning][aot] Skipping jdk/proxy2/$Proxy20: Unsupported location
[1.062s][warning][aot] Skipping jdk/proxy2/$Proxy36: Unsupported location
[1.062s][warning][aot] Skipping org/springframework/web/servlet/view/freemarker/FreeMarkerView: Failed verification
[1.062s][warning][aot] Skipping jdk/proxy2/$Proxy8: Unsupported location
[1.062s][warning][aot] Skipping jdk/proxy2/$Proxy45: Unsupported location
[1.062s][warning][aot] Skipping jdk/proxy2/$Proxy2: Unsupported location
[1.062s][warning][aot] Skipping org/springframework/boot/logging/log4j2/Log4J2LoggingSystem: Failed verification
[1.062s][warning][aot] Skipping org/springframework/core/$Proxy59: Unsupported location
[1.062s][warning][aot] Skipping jdk/proxy2/$Proxy60: Unsupported location
[1.062s][warning][aot] Skipping jdk/proxy2/$Proxy18: Unsupported location
[1.062s][warning][aot] Skipping jdk/internal/event/SecurityProviderServiceEvent: JFR event class
[1.062s][warning][aot] Skipping com/sun/proxy/jdk/proxy1/$Proxy69: Unsupported location
[1.062s][warning][aot] Skipping org/springframework/core/type/classreading/ClassFileAnnotationMetadata$Builder: Unsupported location
[1.062s][warning][aot] Skipping org/springframework/core/type/classreading/ClassFileAnnotationDelegate: Unsupported location
[1.062s][warning][aot] Skipping jdk/proxy1/$Proxy19: Unsupported location
[1.062s][warning][aot] Skipping jdk/proxy2/$Proxy72: Unsupported location
[1.062s][warning][aot] Skipping jdk/proxy2/$Proxy30: Unsupported location
[1.062s][warning][aot] Skipping jdk/proxy2/$Proxy22: Unsupported location
[1.062s][warning][aot] Skipping jdk/proxy2/$Proxy9: Unsupported location
[1.062s][warning][aot] Skipping jdk/proxy2/$Proxy48: Unsupported location
[1.062s][warning][aot] Skipping org/springframework/core/type/classreading/ClassFileMethodMetadata: Unsupported location
[1.062s][warning][aot] Skipping jdk/proxy2/$Proxy70: Unsupported location
[1.062s][warning][aot] Skipping jdk/proxy2/$Proxy74: Unsupported location
[1.062s][warning][aot] Skipping org/springframework/core/$Proxy5: Unsupported location
[1.062s][warning][aot] Skipping jdk/proxy1/$Proxy3: Unsupported location
[1.062s][warning][aot] Skipping jdk/proxy1/$Proxy4: Unsupported location
[1.062s][warning][aot] Skipping org/springframework/core/ReactiveAdapterRegistry$ReactorAdapter: Failed verification
[1.062s][warning][aot] Skipping jdk/proxy2/$Proxy21: Unsupported location
[1.062s][warning][aot] Skipping jdk/proxy2/$Proxy31: Unsupported location
Temporary AOTConfiguration recorded: app.aot.config
Launching child process /Users/user/.sdkman/candidates/java/25.0.4-tem/bin/java to assemble AOT cache app.aot using configuration app.aot.config
Picked up JAVA_TOOL_OPTIONS: -Djava.class.path=app.jar -Dspring.context.exit=onRefresh -XX:AOTCacheOutput=app.aot -XX:AOTConfiguration=app.aot.config -XX:AOTMode=create
Reading AOTConfiguration app.aot.config and writing AOTCache app.aot
[0.262s][warning][aot] Skipping org/springframework/web/servlet/view/freemarker/FreeMarkerView: Unlinked class not supported by AOTClassLinking
[0.262s][warning][aot] Skipping org/springframework/core/ReactiveAdapterRegistry$ReactorAdapter: Unlinked class not supported by AOTClassLinking
[0.262s][warning][aot] Skipping org/springframework/boot/logging/log4j2/Log4J2LoggingSystem: Unlinked class not supported by AOTClassLinking
AOTCache creation is complete: app.aot 58195968 bytes
Removed temporary AOT configuration file app.aot.config
cache(展開あり): /var/folders/9b/bg3sc7qd53n9gqqvqmxhrwhr0000gn/T/tmp.tZTFYiYd2Q/application/app.aot (58195968 bytes) / build 3s / 警告 111 件

--- Native Image ビルド（GraalVM）---
native: /Users/user/work/repo/spring-boot-modern-examples/app/target/app (91016208 bytes) / build 43s / peak 3.66GB

--- 計測（ラウンドロビン・捨て走り 1 セット）---
warmup(discard) jvm: 0.899s
warmup(discard) jvmx: 0.791s
warmup(discard) aotfat: 0.631s
warmup(discard) aot: 0.420s
warmup(discard) native: 1.039s
set 1: jvm=0.911  jvmx=0.808  aotfat=0.633  aot=0.422  native=0.043
set 2: jvm=0.907  jvmx=0.794  aotfat=0.636  aot=0.434  native=0.043
set 3: jvm=0.926  jvmx=0.794  aotfat=0.626  aot=0.423  native=0.043
set 4: jvm=0.901  jvmx=0.789  aotfat=0.629  aot=0.430  native=0.044
set 5: jvm=0.913  jvmx=0.785  aotfat=0.630  aot=0.432  native=0.048
set 6: jvm=0.938  jvmx=0.785  aotfat=0.640  aot=0.427  native=0.043
set 7: jvm=0.901  jvmx=0.788  aotfat=0.630  aot=0.420  native=0.042

jvm     median 0.911s  min 0.901s  max 0.938s  （基準）
jvmx    median 0.789s  min 0.785s  max 0.808s  短縮 13.4%
aotfat  median 0.630s  min 0.626s  max 0.640s  短縮 30.8%
aot     median 0.427s  min 0.420s  max 0.434s  短縮 53.1%
native  median 0.043s  min 0.042s  max 0.048s  短縮 95.3%

=== 完了 ===
