[INFO] Scanning for projects...
[INFO] Downloading from central: https://repo.maven.apache.org/maven2/org/graalvm/buildtools/native-maven-plugin/1.1.8/native-maven-plugin-1.1.8.pom
[INFO] Downloaded from central: https://repo.maven.apache.org/maven2/org/graalvm/buildtools/native-maven-plugin/1.1.8/native-maven-plugin-1.1.8.pom (2.7 kB at 9.5 kB/s)
[INFO] Downloading from central: https://repo.maven.apache.org/maven2/org/graalvm/buildtools/native-maven-plugin/1.1.8/native-maven-plugin-1.1.8.jar
[INFO] Downloaded from central: https://repo.maven.apache.org/maven2/org/graalvm/buildtools/native-maven-plugin/1.1.8/native-maven-plugin-1.1.8.jar (141 kB at 2.9 MB/s)
[INFO] 
[INFO] -------------------< com.example:native-ci-measure >--------------------
[INFO] Building native-ci-measure 0.1.0
[INFO]   from pom.xml
[INFO] --------------------------------[ jar ]---------------------------------
[INFO] 
[INFO] --- resources:3.5.0:resources (default-resources) @ native-ci-measure ---
[INFO] skip non existing resourceDirectory /home/runner/work/native-ci-measure/native-ci-measure/src/main/resources
[INFO] skip non existing resourceDirectory /home/runner/work/native-ci-measure/native-ci-measure/src/main/resources
[INFO] 
[INFO] --- compiler:3.15.0:compile (default-compile) @ native-ci-measure ---
[INFO] Nothing to compile - all classes are up to date.
[INFO] 
[INFO] --- resources:3.5.0:testResources (default-testResources) @ native-ci-measure ---
[INFO] skip non existing resourceDirectory /home/runner/work/native-ci-measure/native-ci-measure/src/test/resources
[INFO] 
[INFO] --- compiler:3.15.0:testCompile (default-testCompile) @ native-ci-measure ---
[INFO] No sources to compile
[INFO] 
[INFO] --- surefire:3.5.6:test (default-test) @ native-ci-measure ---
[INFO] Tests are skipped.
[INFO] 
[INFO] --- spring-boot:4.1.1:process-aot (process-aot) @ native-ci-measure ---

  .   ____          _            __ _ _
 /\\ / ___'_ __ _ _(_)_ __  __ _ \ \ \ \
( ( )\___ | '_ | '_| | '_ \/ _` | \ \ \ \
 \\/  ___)| |_)| | | | | || (_| |  ) ) ) )
  '  |____| .__|_| |_|_| |_\__, | / / / /
 =========|_|==============|___/=/_/_/_/

 :: Spring Boot ::                (v4.1.1)

2026-08-29T11:11:50.578Z  INFO 2588 --- [           main] com.example.measure.MeasureApplication   : Starting MeasureApplication using Java 25.0.2 with PID 2588 (/home/runner/work/native-ci-measure/native-ci-measure/target/classes started by runner in /home/runner/work/native-ci-measure/native-ci-measure)
2026-08-29T11:11:50.581Z  INFO 2588 --- [           main] com.example.measure.MeasureApplication   : No active profile set, falling back to 1 default profile: "default"
[INFO] 
[INFO] --- jar:3.5.1:jar (default-jar) @ native-ci-measure ---
[INFO] Building jar: /home/runner/work/native-ci-measure/native-ci-measure/target/app.jar
[INFO] 
[INFO] --- spring-boot:4.1.1:repackage (repackage) @ native-ci-measure ---
[INFO] Replacing main artifact /home/runner/work/native-ci-measure/native-ci-measure/target/app.jar with repackaged archive, adding nested dependencies in BOOT-INF/.
[INFO] The original artifact has been renamed to /home/runner/work/native-ci-measure/native-ci-measure/target/app.jar.original
[INFO] 
[INFO] --- native:1.1.8:compile-no-fork (default-cli) @ native-ci-measure ---
[INFO] Downloading from central: https://repo.maven.apache.org/maven2/org/graalvm/buildtools/utils/1.1.8/utils-1.1.8.pom
[INFO] Downloaded from central: https://repo.maven.apache.org/maven2/org/graalvm/buildtools/utils/1.1.8/utils-1.1.8.pom (1.9 kB at 80 kB/s)
[INFO] Downloading from central: https://repo.maven.apache.org/maven2/com/github/openjson/openjson/1.0.13/openjson-1.0.13.pom
[INFO] Downloaded from central: https://repo.maven.apache.org/maven2/com/github/openjson/openjson/1.0.13/openjson-1.0.13.pom (9.4 kB at 393 kB/s)
[INFO] Downloading from central: https://repo.maven.apache.org/maven2/org/graalvm/buildtools/graalvm-reachability-metadata/1.1.8/graalvm-reachability-metadata-1.1.8.pom
[INFO] Downloaded from central: https://repo.maven.apache.org/maven2/org/graalvm/buildtools/graalvm-reachability-metadata/1.1.8/graalvm-reachability-metadata-1.1.8.pom (2.1 kB at 92 kB/s)
[INFO] Downloading from central: https://repo.maven.apache.org/maven2/org/cyclonedx/cyclonedx-maven-plugin/2.9.1/cyclonedx-maven-plugin-2.9.1.pom
[INFO] Downloaded from central: https://repo.maven.apache.org/maven2/org/cyclonedx/cyclonedx-maven-plugin/2.9.1/cyclonedx-maven-plugin-2.9.1.pom (19 kB at 657 kB/s)
[INFO] Downloading from central: https://repo.maven.apache.org/maven2/org/junit/junit-bom/5.11.2/junit-bom-5.11.2.pom
[INFO] Downloaded from central: https://repo.maven.apache.org/maven2/org/junit/junit-bom/5.11.2/junit-bom-5.11.2.pom (5.6 kB at 195 kB/s)
[INFO] Downloading from central: https://repo.maven.apache.org/maven2/org/cyclonedx/cyclonedx-core-java/9.0.5/cyclonedx-core-java-9.0.5.pom
[INFO] Downloaded from central: https://repo.maven.apache.org/maven2/org/cyclonedx/cyclonedx-core-java/9.0.5/cyclonedx-core-java-9.0.5.pom (14 kB at 622 kB/s)
[INFO] Downloading from central: https://repo.maven.apache.org/maven2/org/apache/commons/commons-lang3/3.15.0/commons-lang3-3.15.0.pom
[INFO] Downloaded from central: https://repo.maven.apache.org/maven2/org/apache/commons/commons-lang3/3.15.0/commons-lang3-3.15.0.pom (31 kB at 1.2 MB/s)
[INFO] Downloading from central: https://repo.maven.apache.org/maven2/org/apache/commons/commons-collections4/4.4/commons-collections4-4.4.pom
[INFO] Downloaded from central: https://repo.maven.apache.org/maven2/org/apache/commons/commons-collections4/4.4/commons-collections4-4.4.pom (24 kB at 915 kB/s)
[INFO] Downloading from central: https://repo.maven.apache.org/maven2/org/apache/commons/commons-parent/48/commons-parent-48.pom
[INFO] Downloaded from central: https://repo.maven.apache.org/maven2/org/apache/commons/commons-parent/48/commons-parent-48.pom (72 kB at 2.5 MB/s)
[INFO] Downloading from central: https://repo.maven.apache.org/maven2/com/github/package-url/packageurl-java/1.5.0/packageurl-java-1.5.0.pom
[INFO] Downloaded from central: https://repo.maven.apache.org/maven2/com/github/package-url/packageurl-java/1.5.0/packageurl-java-1.5.0.pom (12 kB at 511 kB/s)
[INFO] Downloading from central: https://repo.maven.apache.org/maven2/com/fasterxml/jackson/dataformat/jackson-dataformat-xml/2.17.2/jackson-dataformat-xml-2.17.2.pom
[INFO] Downloaded from central: https://repo.maven.apache.org/maven2/com/fasterxml/jackson/dataformat/jackson-dataformat-xml/2.17.2/jackson-dataformat-xml-2.17.2.pom (7.4 kB at 247 kB/s)
[INFO] Downloading from central: https://repo.maven.apache.org/maven2/com/fasterxml/jackson/jackson-base/2.17.2/jackson-base-2.17.2.pom
[INFO] Downloaded from central: https://repo.maven.apache.org/maven2/com/fasterxml/jackson/jackson-base/2.17.2/jackson-base-2.17.2.pom (12 kB at 471 kB/s)
[INFO] Downloading from central: https://repo.maven.apache.org/maven2/com/fasterxml/jackson/jackson-bom/2.17.2/jackson-bom-2.17.2.pom
[INFO] Downloaded from central: https://repo.maven.apache.org/maven2/com/fasterxml/jackson/jackson-bom/2.17.2/jackson-bom-2.17.2.pom (19 kB at 850 kB/s)
[INFO] Downloading from central: https://repo.maven.apache.org/maven2/com/fasterxml/jackson/jackson-parent/2.17/jackson-parent-2.17.pom
[INFO] Downloaded from central: https://repo.maven.apache.org/maven2/com/fasterxml/jackson/jackson-parent/2.17/jackson-parent-2.17.pom (6.5 kB at 311 kB/s)
[INFO] Downloading from central: https://repo.maven.apache.org/maven2/com/fasterxml/oss-parent/58/oss-parent-58.pom
[INFO] Downloaded from central: https://repo.maven.apache.org/maven2/com/fasterxml/oss-parent/58/oss-parent-58.pom (24 kB at 986 kB/s)
[INFO] Downloading from central: https://repo.maven.apache.org/maven2/com/fasterxml/jackson/core/jackson-core/2.17.2/jackson-core-2.17.2.pom
[INFO] Downloaded from central: https://repo.maven.apache.org/maven2/com/fasterxml/jackson/core/jackson-core/2.17.2/jackson-core-2.17.2.pom (9.6 kB at 438 kB/s)
[INFO] Downloading from central: https://repo.maven.apache.org/maven2/com/fasterxml/jackson/core/jackson-annotations/2.17.2/jackson-annotations-2.17.2.pom
[INFO] Downloaded from central: https://repo.maven.apache.org/maven2/com/fasterxml/jackson/core/jackson-annotations/2.17.2/jackson-annotations-2.17.2.pom (7.1 kB at 307 kB/s)
[INFO] Downloading from central: https://repo.maven.apache.org/maven2/com/fasterxml/jackson/core/jackson-databind/2.17.2/jackson-databind-2.17.2.pom
[INFO] Downloaded from central: https://repo.maven.apache.org/maven2/com/fasterxml/jackson/core/jackson-databind/2.17.2/jackson-databind-2.17.2.pom (21 kB at 886 kB/s)
[INFO] Downloading from central: https://repo.maven.apache.org/maven2/org/codehaus/woodstox/stax2-api/4.2.2/stax2-api-4.2.2.pom
[INFO] Downloaded from central: https://repo.maven.apache.org/maven2/org/codehaus/woodstox/stax2-api/4.2.2/stax2-api-4.2.2.pom (6.3 kB at 242 kB/s)
[INFO] Downloading from central: https://repo.maven.apache.org/maven2/com/fasterxml/oss-parent/55/oss-parent-55.pom
[INFO] Downloaded from central: https://repo.maven.apache.org/maven2/com/fasterxml/oss-parent/55/oss-parent-55.pom (24 kB at 1.0 MB/s)
[INFO] Downloading from central: https://repo.maven.apache.org/maven2/com/fasterxml/woodstox/woodstox-core/6.7.0/woodstox-core-6.7.0.pom
[INFO] Downloaded from central: https://repo.maven.apache.org/maven2/com/fasterxml/woodstox/woodstox-core/6.7.0/woodstox-core-6.7.0.pom (9.6 kB at 436 kB/s)
[INFO] Downloading from central: https://repo.maven.apache.org/maven2/com/networknt/json-schema-validator/1.5.1/json-schema-validator-1.5.1.pom
[INFO] Downloaded from central: https://repo.maven.apache.org/maven2/com/networknt/json-schema-validator/1.5.1/json-schema-validator-1.5.1.pom (15 kB at 697 kB/s)
[INFO] Downloading from central: https://repo.maven.apache.org/maven2/com/ethlo/time/itu/1.10.2/itu-1.10.2.pom
[INFO] Downloaded from central: https://repo.maven.apache.org/maven2/com/ethlo/time/itu/1.10.2/itu-1.10.2.pom (18 kB at 663 kB/s)
[INFO] Downloading from central: https://repo.maven.apache.org/maven2/com/fasterxml/jackson/core/jackson-databind/2.17.1/jackson-databind-2.17.1.pom
[INFO] Downloaded from central: https://repo.maven.apache.org/maven2/com/fasterxml/jackson/core/jackson-databind/2.17.1/jackson-databind-2.17.1.pom (21 kB at 850 kB/s)
[INFO] Downloading from central: https://repo.maven.apache.org/maven2/com/fasterxml/jackson/jackson-base/2.17.1/jackson-base-2.17.1.pom
[INFO] Downloaded from central: https://repo.maven.apache.org/maven2/com/fasterxml/jackson/jackson-base/2.17.1/jackson-base-2.17.1.pom (12 kB at 560 kB/s)
[INFO] Downloading from central: https://repo.maven.apache.org/maven2/com/fasterxml/jackson/jackson-bom/2.17.1/jackson-bom-2.17.1.pom
[INFO] Downloaded from central: https://repo.maven.apache.org/maven2/com/fasterxml/jackson/jackson-bom/2.17.1/jackson-bom-2.17.1.pom (19 kB at 984 kB/s)
[INFO] Downloading from central: https://repo.maven.apache.org/maven2/com/fasterxml/jackson/core/jackson-annotations/2.17.1/jackson-annotations-2.17.1.pom
[INFO] Downloaded from central: https://repo.maven.apache.org/maven2/com/fasterxml/jackson/core/jackson-annotations/2.17.1/jackson-annotations-2.17.1.pom (7.1 kB at 321 kB/s)
[INFO] Downloading from central: https://repo.maven.apache.org/maven2/com/fasterxml/jackson/core/jackson-core/2.17.1/jackson-core-2.17.1.pom
[INFO] Downloaded from central: https://repo.maven.apache.org/maven2/com/fasterxml/jackson/core/jackson-core/2.17.1/jackson-core-2.17.1.pom (9.6 kB at 292 kB/s)
[INFO] Downloading from central: https://repo.maven.apache.org/maven2/com/fasterxml/jackson/dataformat/jackson-dataformat-yaml/2.17.1/jackson-dataformat-yaml-2.17.1.pom
[INFO] Downloaded from central: https://repo.maven.apache.org/maven2/com/fasterxml/jackson/dataformat/jackson-dataformat-yaml/2.17.1/jackson-dataformat-yaml-2.17.1.pom (2.6 kB at 105 kB/s)
[INFO] Downloading from central: https://repo.maven.apache.org/maven2/com/fasterxml/jackson/dataformat/jackson-dataformats-text/2.17.1/jackson-dataformats-text-2.17.1.pom
[INFO] Downloaded from central: https://repo.maven.apache.org/maven2/com/fasterxml/jackson/dataformat/jackson-dataformats-text/2.17.1/jackson-dataformats-text-2.17.1.pom (3.5 kB at 158 kB/s)
[INFO] Downloading from central: https://repo.maven.apache.org/maven2/org/yaml/snakeyaml/2.2/snakeyaml-2.2.pom
[INFO] Downloaded from central: https://repo.maven.apache.org/maven2/org/yaml/snakeyaml/2.2/snakeyaml-2.2.pom (21 kB at 759 kB/s)
[INFO] Downloading from central: https://repo.maven.apache.org/maven2/org/slf4j/slf4j-api/2.0.13/slf4j-api-2.0.13.pom
[INFO] Downloaded from central: https://repo.maven.apache.org/maven2/org/slf4j/slf4j-api/2.0.13/slf4j-api-2.0.13.pom (2.8 kB at 123 kB/s)
[INFO] Downloading from central: https://repo.maven.apache.org/maven2/org/slf4j/slf4j-parent/2.0.13/slf4j-parent-2.0.13.pom
[INFO] Downloaded from central: https://repo.maven.apache.org/maven2/org/slf4j/slf4j-parent/2.0.13/slf4j-parent-2.0.13.pom (13 kB at 581 kB/s)
[INFO] Downloading from central: https://repo.maven.apache.org/maven2/org/slf4j/slf4j-bom/2.0.13/slf4j-bom-2.0.13.pom
[INFO] Downloaded from central: https://repo.maven.apache.org/maven2/org/slf4j/slf4j-bom/2.0.13/slf4j-bom-2.0.13.pom (7.3 kB at 333 kB/s)
[INFO] Downloading from central: https://repo.maven.apache.org/maven2/org/apache/commons/commons-lang3/3.17.0/commons-lang3-3.17.0.pom
[INFO] Downloaded from central: https://repo.maven.apache.org/maven2/org/apache/commons/commons-lang3/3.17.0/commons-lang3-3.17.0.pom (31 kB at 1.3 MB/s)
[INFO] Downloading from central: https://repo.maven.apache.org/maven2/org/apache/commons/commons-parent/73/commons-parent-73.pom
[INFO] Downloaded from central: https://repo.maven.apache.org/maven2/org/apache/commons/commons-parent/73/commons-parent-73.pom (78 kB at 3.1 MB/s)
[INFO] Downloading from central: https://repo.maven.apache.org/maven2/org/junit/junit-bom/5.11.0/junit-bom-5.11.0.pom
[INFO] Downloaded from central: https://repo.maven.apache.org/maven2/org/junit/junit-bom/5.11.0/junit-bom-5.11.0.pom (5.6 kB at 257 kB/s)
[INFO] Downloading from central: https://repo.maven.apache.org/maven2/org/apache/maven/shared/maven-dependency-tree/3.3.0/maven-dependency-tree-3.3.0.pom
[INFO] Downloaded from central: https://repo.maven.apache.org/maven2/org/apache/maven/shared/maven-dependency-tree/3.3.0/maven-dependency-tree-3.3.0.pom (7.0 kB at 259 kB/s)
[INFO] Downloading from central: https://repo.maven.apache.org/maven2/org/apache/maven/shared/maven-dependency-analyzer/1.14.1/maven-dependency-analyzer-1.14.1.pom
[INFO] Downloaded from central: https://repo.maven.apache.org/maven2/org/apache/maven/shared/maven-dependency-analyzer/1.14.1/maven-dependency-analyzer-1.14.1.pom (6.4 kB at 255 kB/s)
[INFO] Downloading from central: https://repo.maven.apache.org/maven2/org/assertj/assertj-bom/3.25.3/assertj-bom-3.25.3.pom
[INFO] Downloaded from central: https://repo.maven.apache.org/maven2/org/assertj/assertj-bom/3.25.3/assertj-bom-3.25.3.pom (3.7 kB at 184 kB/s)
[INFO] Downloading from central: https://repo.maven.apache.org/maven2/org/twdata/maven/mojo-executor/2.4.1/mojo-executor-2.4.1.pom
[INFO] Downloaded from central: https://repo.maven.apache.org/maven2/org/twdata/maven/mojo-executor/2.4.1/mojo-executor-2.4.1.pom (3.1 kB at 116 kB/s)
[INFO] Downloading from central: https://repo.maven.apache.org/maven2/org/twdata/maven/mojo-executor-parent/2.4.1/mojo-executor-parent-2.4.1.pom
[INFO] Downloaded from central: https://repo.maven.apache.org/maven2/org/twdata/maven/mojo-executor-parent/2.4.1/mojo-executor-parent-2.4.1.pom (14 kB at 497 kB/s)
[INFO] Downloading from central: https://repo.maven.apache.org/maven2/org/apache/maven/maven/3.3.1/maven-3.3.1.pom
[INFO] Downloaded from central: https://repo.maven.apache.org/maven2/org/apache/maven/maven/3.3.1/maven-3.3.1.pom (23 kB at 899 kB/s)
[INFO] Downloading from central: https://repo.maven.apache.org/maven2/org/apache/maven/maven-parent/26/maven-parent-26.pom
[INFO] Downloaded from central: https://repo.maven.apache.org/maven2/org/apache/maven/maven-parent/26/maven-parent-26.pom (40 kB at 1.7 MB/s)
[INFO] Downloading from central: https://repo.maven.apache.org/maven2/org/apache/apache/16/apache-16.pom
[INFO] Downloaded from central: https://repo.maven.apache.org/maven2/org/apache/apache/16/apache-16.pom (15 kB at 733 kB/s)
[INFO] Downloading from central: https://repo.maven.apache.org/maven2/org/codehaus/plexus/plexus-utils/3.0.24/plexus-utils-3.0.24.pom
[INFO] Downloaded from central: https://repo.maven.apache.org/maven2/org/codehaus/plexus/plexus-utils/3.0.24/plexus-utils-3.0.24.pom (4.1 kB at 188 kB/s)
[INFO] Downloading from central: https://repo.maven.apache.org/maven2/org/codehaus/plexus/plexus/4.0/plexus-4.0.pom
[INFO] Downloaded from central: https://repo.maven.apache.org/maven2/org/codehaus/plexus/plexus/4.0/plexus-4.0.pom (22 kB at 896 kB/s)
[INFO] Downloading from central: https://repo.maven.apache.org/maven2/org/sonatype/forge/forge-parent/10/forge-parent-10.pom
[INFO] Downloaded from central: https://repo.maven.apache.org/maven2/org/sonatype/forge/forge-parent/10/forge-parent-10.pom (14 kB at 522 kB/s)
[INFO] Downloading from central: https://repo.maven.apache.org/maven2/org/graalvm/buildtools/utils/1.1.8/utils-1.1.8.jar
[INFO] Downloaded from central: https://repo.maven.apache.org/maven2/org/graalvm/buildtools/utils/1.1.8/utils-1.1.8.jar (54 kB at 2.2 MB/s)
[INFO] Downloading from central: https://repo.maven.apache.org/maven2/com/github/openjson/openjson/1.0.13/openjson-1.0.13.jar
[INFO] Downloading from central: https://repo.maven.apache.org/maven2/org/graalvm/buildtools/graalvm-reachability-metadata/1.1.8/graalvm-reachability-metadata-1.1.8.jar
[INFO] Downloading from central: https://repo.maven.apache.org/maven2/org/cyclonedx/cyclonedx-maven-plugin/2.9.1/cyclonedx-maven-plugin-2.9.1.jar
[INFO] Downloading from central: https://repo.maven.apache.org/maven2/org/cyclonedx/cyclonedx-core-java/9.0.5/cyclonedx-core-java-9.0.5.jar
[INFO] Downloading from central: https://repo.maven.apache.org/maven2/org/apache/commons/commons-collections4/4.4/commons-collections4-4.4.jar
[INFO] Downloaded from central: https://repo.maven.apache.org/maven2/org/graalvm/buildtools/graalvm-reachability-metadata/1.1.8/graalvm-reachability-metadata-1.1.8.jar (66 kB at 2.2 MB/s)
[INFO] Downloading from central: https://repo.maven.apache.org/maven2/com/github/package-url/packageurl-java/1.5.0/packageurl-java-1.5.0.jar
[INFO] Downloaded from central: https://repo.maven.apache.org/maven2/com/github/openjson/openjson/1.0.13/openjson-1.0.13.jar (27 kB at 593 kB/s)
[INFO] Downloading from central: https://repo.maven.apache.org/maven2/com/fasterxml/jackson/dataformat/jackson-dataformat-xml/2.17.2/jackson-dataformat-xml-2.17.2.jar
[INFO] Downloaded from central: https://repo.maven.apache.org/maven2/org/cyclonedx/cyclonedx-maven-plugin/2.9.1/cyclonedx-maven-plugin-2.9.1.jar (52 kB at 1.1 MB/s)
[INFO] Downloading from central: https://repo.maven.apache.org/maven2/com/fasterxml/jackson/core/jackson-core/2.17.2/jackson-core-2.17.2.jar
[INFO] Downloaded from central: https://repo.maven.apache.org/maven2/com/github/package-url/packageurl-java/1.5.0/packageurl-java-1.5.0.jar (17 kB at 327 kB/s)
[INFO] Downloading from central: https://repo.maven.apache.org/maven2/com/fasterxml/jackson/core/jackson-annotations/2.17.2/jackson-annotations-2.17.2.jar
[INFO] Downloaded from central: https://repo.maven.apache.org/maven2/com/fasterxml/jackson/dataformat/jackson-dataformat-xml/2.17.2/jackson-dataformat-xml-2.17.2.jar (129 kB at 1.8 MB/s)
[INFO] Downloading from central: https://repo.maven.apache.org/maven2/com/fasterxml/jackson/core/jackson-databind/2.17.2/jackson-databind-2.17.2.jar
[INFO] Downloaded from central: https://repo.maven.apache.org/maven2/com/fasterxml/jackson/core/jackson-annotations/2.17.2/jackson-annotations-2.17.2.jar (78 kB at 913 kB/s)
[INFO] Downloading from central: https://repo.maven.apache.org/maven2/org/codehaus/woodstox/stax2-api/4.2.2/stax2-api-4.2.2.jar
[INFO] Downloaded from central: https://repo.maven.apache.org/maven2/org/apache/commons/commons-collections4/4.4/commons-collections4-4.4.jar (752 kB at 8.5 MB/s)
[INFO] Downloading from central: https://repo.maven.apache.org/maven2/com/fasterxml/woodstox/woodstox-core/6.7.0/woodstox-core-6.7.0.jar
[INFO] Downloaded from central: https://repo.maven.apache.org/maven2/com/fasterxml/jackson/core/jackson-core/2.17.2/jackson-core-2.17.2.jar (582 kB at 6.0 MB/s)
[INFO] Downloading from central: https://repo.maven.apache.org/maven2/com/networknt/json-schema-validator/1.5.1/json-schema-validator-1.5.1.jar
[INFO] Downloaded from central: https://repo.maven.apache.org/maven2/org/codehaus/woodstox/stax2-api/4.2.2/stax2-api-4.2.2.jar (196 kB at 1.7 MB/s)
[INFO] Downloading from central: https://repo.maven.apache.org/maven2/com/ethlo/time/itu/1.10.2/itu-1.10.2.jar
[INFO] Downloaded from central: https://repo.maven.apache.org/maven2/com/ethlo/time/itu/1.10.2/itu-1.10.2.jar (54 kB at 374 kB/s)
[INFO] Downloading from central: https://repo.maven.apache.org/maven2/com/fasterxml/jackson/dataformat/jackson-dataformat-yaml/2.17.1/jackson-dataformat-yaml-2.17.1.jar
[INFO] Downloaded from central: https://repo.maven.apache.org/maven2/com/networknt/json-schema-validator/1.5.1/json-schema-validator-1.5.1.jar (576 kB at 4.0 MB/s)
[INFO] Downloading from central: https://repo.maven.apache.org/maven2/org/yaml/snakeyaml/2.2/snakeyaml-2.2.jar
[INFO] Downloaded from central: https://repo.maven.apache.org/maven2/com/fasterxml/jackson/dataformat/jackson-dataformat-yaml/2.17.1/jackson-dataformat-yaml-2.17.1.jar (55 kB at 320 kB/s)
[INFO] Downloading from central: https://repo.maven.apache.org/maven2/org/apache/commons/commons-lang3/3.17.0/commons-lang3-3.17.0.jar
[INFO] Downloaded from central: https://repo.maven.apache.org/maven2/com/fasterxml/woodstox/woodstox-core/6.7.0/woodstox-core-6.7.0.jar (1.6 MB at 9.0 MB/s)
[INFO] Downloading from central: https://repo.maven.apache.org/maven2/org/apache/maven/shared/maven-dependency-tree/3.3.0/maven-dependency-tree-3.3.0.jar
[INFO] Downloaded from central: https://repo.maven.apache.org/maven2/com/fasterxml/jackson/core/jackson-databind/2.17.2/jackson-databind-2.17.2.jar (1.6 MB at 9.2 MB/s)
[INFO] Downloading from central: https://repo.maven.apache.org/maven2/org/apache/maven/shared/maven-dependency-analyzer/1.14.1/maven-dependency-analyzer-1.14.1.jar
[INFO] Downloaded from central: https://repo.maven.apache.org/maven2/org/cyclonedx/cyclonedx-core-java/9.0.5/cyclonedx-core-java-9.0.5.jar (2.4 MB at 13 MB/s)
[INFO] Downloading from central: https://repo.maven.apache.org/maven2/org/twdata/maven/mojo-executor/2.4.1/mojo-executor-2.4.1.jar
[INFO] Downloaded from central: https://repo.maven.apache.org/maven2/org/yaml/snakeyaml/2.2/snakeyaml-2.2.jar (334 kB at 1.8 MB/s)
[INFO] Downloading from central: https://repo.maven.apache.org/maven2/org/codehaus/plexus/plexus-utils/3.0.24/plexus-utils-3.0.24.jar
[INFO] Downloaded from central: https://repo.maven.apache.org/maven2/org/apache/maven/shared/maven-dependency-tree/3.3.0/maven-dependency-tree-3.3.0.jar (43 kB at 214 kB/s)
[INFO] Downloaded from central: https://repo.maven.apache.org/maven2/org/twdata/maven/mojo-executor/2.4.1/mojo-executor-2.4.1.jar (13 kB at 64 kB/s)
[INFO] Downloaded from central: https://repo.maven.apache.org/maven2/org/apache/maven/shared/maven-dependency-analyzer/1.14.1/maven-dependency-analyzer-1.14.1.jar (42 kB at 205 kB/s)
[INFO] Downloaded from central: https://repo.maven.apache.org/maven2/org/codehaus/plexus/plexus-utils/3.0.24/plexus-utils-3.0.24.jar (247 kB at 1.1 MB/s)
[INFO] Downloaded from central: https://repo.maven.apache.org/maven2/org/apache/commons/commons-lang3/3.17.0/commons-lang3-3.17.0.jar (674 kB at 3.1 MB/s)
[INFO] Found GraalVM installation from GRAALVM_HOME variable.
[INFO] Downloading from central: https://repo.maven.apache.org/maven2/org/graalvm/buildtools/graalvm-reachability-metadata/1.1.8/graalvm-reachability-metadata-1.1.8-repository.zip
[INFO] Downloaded from central: https://repo.maven.apache.org/maven2/org/graalvm/buildtools/graalvm-reachability-metadata/1.1.8/graalvm-reachability-metadata-1.1.8-repository.zip (3.4 MB at 49 MB/s)
[INFO] Downloaded GraalVM reachability metadata repository from file:/home/runner/.m2/repository/org/graalvm/buildtools/graalvm-reachability-metadata/1.1.8/graalvm-reachability-metadata-1.1.8-repository.zip
[INFO] Using GraalVM reachability metadata repository version 1.0.9
[INFO] [graalvm reachability metadata repository for org.springframework.boot:spring-boot-starter-web:4.1.1]: Configuration directory not found. Trying latest version.
[INFO] [graalvm reachability metadata repository for org.springframework.boot:spring-boot-starter-web:4.1.1]: Latest version not found!
[INFO] [graalvm reachability metadata repository for org.springframework.boot:spring-boot-starter-web:4.1.1]: missing.
[INFO] [graalvm reachability metadata repository for org.springframework.boot:spring-boot-starter-jackson:4.1.1]: Configuration directory not found. Trying latest version.
[INFO] [graalvm reachability metadata repository for org.springframework.boot:spring-boot-starter-jackson:4.1.1]: Latest version not found!
[INFO] [graalvm reachability metadata repository for org.springframework.boot:spring-boot-starter-jackson:4.1.1]: missing.
[INFO] [graalvm reachability metadata repository for tools.jackson.core:jackson-databind:3.1.5]: Configuration directory not found. Trying latest version.
[INFO] [graalvm reachability metadata repository for tools.jackson.core:jackson-databind:3.1.5]: Configuration directory is tools.jackson.core/jackson-databind/3.0.0
[INFO] [graalvm reachability metadata repository for com.fasterxml.jackson.core:jackson-annotations:2.21]: Configuration directory not found. Trying latest version.
[INFO] [graalvm reachability metadata repository for com.fasterxml.jackson.core:jackson-annotations:2.21]: Configuration directory is com.fasterxml.jackson.core/jackson-annotations/2.3.0
[INFO] [graalvm reachability metadata repository for tools.jackson.core:jackson-core:3.1.5]: Configuration directory not found. Trying latest version.
[INFO] [graalvm reachability metadata repository for tools.jackson.core:jackson-core:3.1.5]: Configuration directory is tools.jackson.core/jackson-core/3.0.0
[INFO] [graalvm reachability metadata repository for org.springframework.boot:spring-boot-starter-tomcat:4.1.1]: Configuration directory not found. Trying latest version.
[INFO] [graalvm reachability metadata repository for org.springframework.boot:spring-boot-starter-tomcat:4.1.1]: Latest version not found!
[INFO] [graalvm reachability metadata repository for org.springframework.boot:spring-boot-starter-tomcat:4.1.1]: missing.
[INFO] [graalvm reachability metadata repository for org.springframework.boot:spring-boot-web-server:4.1.1]: Configuration directory not found. Trying latest version.
[INFO] [graalvm reachability metadata repository for org.springframework.boot:spring-boot-web-server:4.1.1]: Configuration directory is org.springframework.boot/spring-boot-web-server/4.0.2
[INFO] [graalvm reachability metadata repository for org.apache.tomcat.embed:tomcat-embed-core:11.0.24]: Configuration directory not found. Trying latest version.
[INFO] [graalvm reachability metadata repository for org.apache.tomcat.embed:tomcat-embed-core:11.0.24]: Configuration directory is org.apache.tomcat.embed/tomcat-embed-core/11.0.18
[INFO] [graalvm reachability metadata repository for org.apache.tomcat.embed:tomcat-embed-el:11.0.24]: Configuration directory not found. Trying latest version.
[INFO] [graalvm reachability metadata repository for org.apache.tomcat.embed:tomcat-embed-el:11.0.24]: Configuration directory is org.apache.tomcat.embed/tomcat-embed-el/9.0.83
[INFO] [graalvm reachability metadata repository for org.apache.tomcat.embed:tomcat-embed-websocket:11.0.24]: Configuration directory not found. Trying latest version.
[INFO] [graalvm reachability metadata repository for org.apache.tomcat.embed:tomcat-embed-websocket:11.0.24]: Configuration directory is org.apache.tomcat.embed/tomcat-embed-websocket/9.0.83
[INFO] [graalvm reachability metadata repository for commons-logging:commons-logging:1.3.6]: Configuration directory is commons-logging/commons-logging/1.2
[INFO] [graalvm reachability metadata repository for org.springframework:spring-context:7.0.9]: Configuration directory not found. Trying latest version.
[INFO] [graalvm reachability metadata repository for org.springframework:spring-context:7.0.9]: Configuration directory is org.springframework/spring-context/5.3.15
[INFO] [graalvm reachability metadata repository for org.springframework:spring-web:7.0.9]: Configuration directory not found. Trying latest version.
[INFO] [graalvm reachability metadata repository for org.springframework:spring-web:7.0.9]: Configuration directory is org.springframework/spring-web/5.3.18
[INFO] [graalvm reachability metadata repository for org.springframework.boot:spring-boot-servlet:4.1.1]: Configuration directory not found. Trying latest version.
[INFO] [graalvm reachability metadata repository for org.springframework.boot:spring-boot-servlet:4.1.1]: Configuration directory is org.springframework.boot/spring-boot-servlet/4.0.6
[INFO] [graalvm reachability metadata repository for org.springframework:spring-aop:7.0.9]: Configuration directory not found. Trying latest version.
[INFO] [graalvm reachability metadata repository for org.springframework:spring-aop:7.0.9]: Configuration directory is org.springframework/spring-aop/6.1.0
[INFO] [graalvm reachability metadata repository for org.springframework:spring-expression:7.0.9]: Configuration directory not found. Trying latest version.
[INFO] [graalvm reachability metadata repository for org.springframework:spring-expression:7.0.9]: Configuration directory is org.springframework/spring-expression/6.2.7
[INFO] [graalvm reachability metadata repository for org.springframework.boot:spring-boot-starter-actuator:4.1.1]: Configuration directory not found. Trying latest version.
[INFO] [graalvm reachability metadata repository for org.springframework.boot:spring-boot-starter-actuator:4.1.1]: Latest version not found!
[INFO] [graalvm reachability metadata repository for org.springframework.boot:spring-boot-starter-actuator:4.1.1]: missing.
[INFO] [graalvm reachability metadata repository for org.springframework.boot:spring-boot-starter:4.1.1]: Configuration directory not found. Trying latest version.
[INFO] [graalvm reachability metadata repository for org.springframework.boot:spring-boot-starter:4.1.1]: Latest version not found!
[INFO] [graalvm reachability metadata repository for org.springframework.boot:spring-boot-starter:4.1.1]: missing.
[INFO] [graalvm reachability metadata repository for ch.qos.logback:logback-classic:1.5.38]: Configuration directory not found. Trying latest version.
[INFO] [graalvm reachability metadata repository for ch.qos.logback:logback-classic:1.5.38]: Configuration directory is ch.qos.logback/logback-classic/1.5.29
[INFO] [graalvm reachability metadata repository for ch.qos.logback:logback-core:1.5.38]: Configuration directory is ch.qos.logback/logback-core/1.5.33
[INFO] [graalvm reachability metadata repository for org.slf4j:slf4j-api:2.0.18]: Configuration directory not found. Trying latest version.
[INFO] [graalvm reachability metadata repository for org.slf4j:slf4j-api:2.0.18]: Configuration directory is org.slf4j/slf4j-api/1.7.36
[INFO] [graalvm reachability metadata repository for org.slf4j:jul-to-slf4j:2.0.18]: Configuration directory not found. Trying latest version.
[INFO] [graalvm reachability metadata repository for org.slf4j:jul-to-slf4j:2.0.18]: Configuration directory is org.slf4j/jul-to-slf4j/1.7.30
[INFO] [graalvm reachability metadata repository for jakarta.annotation:jakarta.annotation-api:3.0.0]: Configuration directory is jakarta.annotation/jakarta.annotation-api/3.0.0
[INFO] [graalvm reachability metadata repository for org.yaml:snakeyaml:2.6]: Configuration directory not found. Trying latest version.
[INFO] [graalvm reachability metadata repository for org.yaml:snakeyaml:2.6]: Configuration directory is org.yaml/snakeyaml/2.0
[INFO] [graalvm reachability metadata repository for org.springframework.boot:spring-boot-starter-micrometer-metrics:4.1.1]: Configuration directory not found. Trying latest version.
[INFO] [graalvm reachability metadata repository for org.springframework.boot:spring-boot-starter-micrometer-metrics:4.1.1]: Latest version not found!
[INFO] [graalvm reachability metadata repository for org.springframework.boot:spring-boot-starter-micrometer-metrics:4.1.1]: missing.
[INFO] [graalvm reachability metadata repository for org.springframework.boot:spring-boot-micrometer-metrics:4.1.1]: Configuration directory not found. Trying latest version.
[INFO] [graalvm reachability metadata repository for org.springframework.boot:spring-boot-micrometer-metrics:4.1.1]: Configuration directory is org.springframework.boot/spring-boot-micrometer-metrics/4.0.6
[INFO] [graalvm reachability metadata repository for org.springframework.boot:spring-boot-actuator-autoconfigure:4.1.1]: Configuration directory not found. Trying latest version.
[INFO] [graalvm reachability metadata repository for org.springframework.boot:spring-boot-actuator-autoconfigure:4.1.1]: Configuration directory is org.springframework.boot/spring-boot-actuator-autoconfigure/2.6.3
[INFO] [graalvm reachability metadata repository for org.springframework.boot:spring-boot-actuator:4.1.1]: Configuration directory not found. Trying latest version.
[INFO] [graalvm reachability metadata repository for org.springframework.boot:spring-boot-actuator:4.1.1]: Configuration directory is org.springframework.boot/spring-boot-actuator/2.6.3
[INFO] [graalvm reachability metadata repository for org.springframework.boot:spring-boot-health:4.1.1]: Configuration directory not found. Trying latest version.
[INFO] [graalvm reachability metadata repository for org.springframework.boot:spring-boot-health:4.1.1]: Configuration directory is org.springframework.boot/spring-boot-health/4.0.6
[INFO] [graalvm reachability metadata repository for io.micrometer:micrometer-observation:1.17.1]: Configuration directory not found. Trying latest version.
[INFO] [graalvm reachability metadata repository for io.micrometer:micrometer-observation:1.17.1]: Configuration directory is io.micrometer/micrometer-observation/1.16.4
[INFO] [graalvm reachability metadata repository for org.jspecify:jspecify:1.0.1]: Configuration directory is org.jspecify/jspecify/1.0.0
[INFO] [graalvm reachability metadata repository for io.micrometer:micrometer-commons:1.17.1]: Configuration directory not found. Trying latest version.
[INFO] [graalvm reachability metadata repository for io.micrometer:micrometer-commons:1.17.1]: Configuration directory is io.micrometer/micrometer-commons/1.16.0
[INFO] [graalvm reachability metadata repository for io.micrometer:micrometer-jakarta9:1.17.1]: Configuration directory not found. Trying latest version.
[INFO] [graalvm reachability metadata repository for io.micrometer:micrometer-jakarta9:1.17.1]: Configuration directory is io.micrometer/micrometer-jakarta9/1.16.5
[INFO] [graalvm reachability metadata repository for org.hdrhistogram:HdrHistogram:2.2.2]: Configuration directory is org.hdrhistogram/HdrHistogram/2.1.12
[WARNING] No jdk toolchain configuration found
[WARNING] No jdk toolchain configuration found
[WARNING] No jdk toolchain configuration found
[WARNING] No jdk toolchain configuration found
[WARNING] No jdk toolchain configuration found
[INFO] Executing: /opt/hostedtoolcache/graalvm-community-jdk-25.0.2_linux-x64_bin/25.0.2/x64/graalvm-community-openjdk-25.0.2+10.1/bin/native-image -cp /home/runner/work/native-ci-measure/native-ci-measure/target/classes:/home/runner/.m2/repository/org/springframework/boot/spring-boot-starter-web/4.1.1/spring-boot-starter-web-4.1.1.jar:/home/runner/.m2/repository/org/springframework/boot/spring-boot-starter-jackson/4.1.1/spring-boot-starter-jackson-4.1.1.jar:/home/runner/.m2/repository/org/springframework/boot/spring-boot-jackson/4.1.1/spring-boot-jackson-4.1.1.jar:/home/runner/.m2/repository/tools/jackson/core/jackson-databind/3.1.5/jackson-databind-3.1.5.jar:/home/runner/.m2/repository/com/fasterxml/jackson/core/jackson-annotations/2.21/jackson-annotations-2.21.jar:/home/runner/.m2/repository/tools/jackson/core/jackson-core/3.1.5/jackson-core-3.1.5.jar:/home/runner/.m2/repository/org/springframework/boot/spring-boot-starter-tomcat/4.1.1/spring-boot-starter-tomcat-4.1.1.jar:/home/runner/.m2/repository/org/springframework/boot/spring-boot-starter-tomcat-runtime/4.1.1/spring-boot-starter-tomcat-runtime-4.1.1.jar:/home/runner/.m2/repository/org/springframework/boot/spring-boot-web-server/4.1.1/spring-boot-web-server-4.1.1.jar:/home/runner/.m2/repository/org/apache/tomcat/embed/tomcat-embed-core/11.0.24/tomcat-embed-core-11.0.24.jar:/home/runner/.m2/repository/org/apache/tomcat/embed/tomcat-embed-el/11.0.24/tomcat-embed-el-11.0.24.jar:/home/runner/.m2/repository/org/apache/tomcat/embed/tomcat-embed-websocket/11.0.24/tomcat-embed-websocket-11.0.24.jar:/home/runner/.m2/repository/org/springframework/boot/spring-boot-tomcat/4.1.1/spring-boot-tomcat-4.1.1.jar:/home/runner/.m2/repository/org/springframework/boot/spring-boot-http-converter/4.1.1/spring-boot-http-converter-4.1.1.jar:/home/runner/.m2/repository/org/springframework/boot/spring-boot/4.1.1/spring-boot-4.1.1.jar:/home/runner/.m2/repository/org/springframework/spring-core/7.0.9/spring-core-7.0.9.jar:/home/runner/.m2/repository/commons-logging/commons-logging/1.3.6/commons-logging-1.3.6.jar:/home/runner/.m2/repository/org/springframework/spring-context/7.0.9/spring-context-7.0.9.jar:/home/runner/.m2/repository/org/springframework/spring-web/7.0.9/spring-web-7.0.9.jar:/home/runner/.m2/repository/org/springframework/spring-beans/7.0.9/spring-beans-7.0.9.jar:/home/runner/.m2/repository/org/springframework/boot/spring-boot-webmvc/4.1.1/spring-boot-webmvc-4.1.1.jar:/home/runner/.m2/repository/org/springframework/boot/spring-boot-servlet/4.1.1/spring-boot-servlet-4.1.1.jar:/home/runner/.m2/repository/org/springframework/spring-webmvc/7.0.9/spring-webmvc-7.0.9.jar:/home/runner/.m2/repository/org/springframework/spring-aop/7.0.9/spring-aop-7.0.9.jar:/home/runner/.m2/repository/org/springframework/spring-expression/7.0.9/spring-expression-7.0.9.jar:/home/runner/.m2/repository/org/springframework/boot/spring-boot-starter-actuator/4.1.1/spring-boot-starter-actuator-4.1.1.jar:/home/runner/.m2/repository/org/springframework/boot/spring-boot-starter/4.1.1/spring-boot-starter-4.1.1.jar:/home/runner/.m2/repository/org/springframework/boot/spring-boot-starter-logging/4.1.1/spring-boot-starter-logging-4.1.1.jar:/home/runner/.m2/repository/ch/qos/logback/logback-classic/1.5.38/logback-classic-1.5.38.jar:/home/runner/.m2/repository/ch/qos/logback/logback-core/1.5.38/logback-core-1.5.38.jar:/home/runner/.m2/repository/org/slf4j/slf4j-api/2.0.18/slf4j-api-2.0.18.jar:/home/runner/.m2/repository/org/apache/logging/log4j/log4j-to-slf4j/2.25.5/log4j-to-slf4j-2.25.5.jar:/home/runner/.m2/repository/org/apache/logging/log4j/log4j-api/2.25.5/log4j-api-2.25.5.jar:/home/runner/.m2/repository/org/slf4j/jul-to-slf4j/2.0.18/jul-to-slf4j-2.0.18.jar:/home/runner/.m2/repository/org/springframework/boot/spring-boot-autoconfigure/4.1.1/spring-boot-autoconfigure-4.1.1.jar:/home/runner/.m2/repository/jakarta/annotation/jakarta.annotation-api/3.0.0/jakarta.annotation-api-3.0.0.jar:/home/runner/.m2/repository/org/yaml/snakeyaml/2.6/snakeyaml-2.6.jar:/home/runner/.m2/repository/org/springframework/boot/spring-boot-starter-micrometer-metrics/4.1.1/spring-boot-starter-micrometer-metrics-4.1.1.jar:/home/runner/.m2/repository/org/springframework/boot/spring-boot-micrometer-metrics/4.1.1/spring-boot-micrometer-metrics-4.1.1.jar:/home/runner/.m2/repository/org/springframework/boot/spring-boot-micrometer-observation/4.1.1/spring-boot-micrometer-observation-4.1.1.jar:/home/runner/.m2/repository/org/springframework/boot/spring-boot-actuator-autoconfigure/4.1.1/spring-boot-actuator-autoconfigure-4.1.1.jar:/home/runner/.m2/repository/org/springframework/boot/spring-boot-actuator/4.1.1/spring-boot-actuator-4.1.1.jar:/home/runner/.m2/repository/org/springframework/boot/spring-boot-health/4.1.1/spring-boot-health-4.1.1.jar:/home/runner/.m2/repository/io/micrometer/micrometer-observation/1.17.1/micrometer-observation-1.17.1.jar:/home/runner/.m2/repository/org/jspecify/jspecify/1.0.1/jspecify-1.0.1.jar:/home/runner/.m2/repository/io/micrometer/micrometer-commons/1.17.1/micrometer-commons-1.17.1.jar:/home/runner/.m2/repository/io/micrometer/micrometer-jakarta9/1.17.1/micrometer-jakarta9-1.17.1.jar:/home/runner/.m2/repository/io/micrometer/micrometer-core/1.17.1/micrometer-core-1.17.1.jar:/home/runner/.m2/repository/org/hdrhistogram/HdrHistogram/2.2.2/HdrHistogram-2.2.2.jar --no-fallback -H:-BuildOutputColorful -o /home/runner/work/native-ci-measure/native-ci-measure/target/native-ci-measure -H:ConfigurationFileDirectories=/home/runner/work/native-ci-measure/native-ci-measure/target/graalvm-reachability-metadata/4d933a1e5995672a4af2d6646367c98039242c52/org.apache.tomcat.embed/tomcat-embed-el/9.0.83,/home/runner/work/native-ci-measure/native-ci-measure/target/graalvm-reachability-metadata/4d933a1e5995672a4af2d6646367c98039242c52/org.springframework.boot/spring-boot-micrometer-metrics/4.0.6,/home/runner/work/native-ci-measure/native-ci-measure/target/graalvm-reachability-metadata/4d933a1e5995672a4af2d6646367c98039242c52/org.apache.tomcat.embed/tomcat-embed-core/11.0.18,/home/runner/work/native-ci-measure/native-ci-measure/target/graalvm-reachability-metadata/4d933a1e5995672a4af2d6646367c98039242c52/org.springframework.boot/spring-boot-actuator-autoconfigure/2.6.3,/home/runner/work/native-ci-measure/native-ci-measure/target/graalvm-reachability-metadata/4d933a1e5995672a4af2d6646367c98039242c52/tools.jackson.core/jackson-databind/3.0.0,/home/runner/work/native-ci-measure/native-ci-measure/target/graalvm-reachability-metadata/4d933a1e5995672a4af2d6646367c98039242c52/org.slf4j/slf4j-api/1.7.36,/home/runner/work/native-ci-measure/native-ci-measure/target/graalvm-reachability-metadata/4d933a1e5995672a4af2d6646367c98039242c52/tools.jackson.core/jackson-core/3.0.0,/home/runner/work/native-ci-measure/native-ci-measure/target/graalvm-reachability-metadata/4d933a1e5995672a4af2d6646367c98039242c52/org.hdrhistogram/HdrHistogram/2.1.12,/home/runner/work/native-ci-measure/native-ci-measure/target/graalvm-reachability-metadata/4d933a1e5995672a4af2d6646367c98039242c52/org.springframework/spring-context/5.3.15,/home/runner/work/native-ci-measure/native-ci-measure/target/graalvm-reachability-metadata/4d933a1e5995672a4af2d6646367c98039242c52/jakarta.annotation/jakarta.annotation-api/3.0.0,/home/runner/work/native-ci-measure/native-ci-measure/target/graalvm-reachability-metadata/4d933a1e5995672a4af2d6646367c98039242c52/ch.qos.logback/logback-classic/1.5.29,/home/runner/work/native-ci-measure/native-ci-measure/target/graalvm-reachability-metadata/4d933a1e5995672a4af2d6646367c98039242c52/com.fasterxml.jackson.core/jackson-annotations/2.3.0,/home/runner/work/native-ci-measure/native-ci-measure/target/graalvm-reachability-metadata/4d933a1e5995672a4af2d6646367c98039242c52/org.springframework.boot/spring-boot-health/4.0.6,/home/runner/work/native-ci-measure/native-ci-measure/target/graalvm-reachability-metadata/4d933a1e5995672a4af2d6646367c98039242c52/io.micrometer/micrometer-commons/1.16.0,/home/runner/work/native-ci-measure/native-ci-measure/target/graalvm-reachability-metadata/4d933a1e5995672a4af2d6646367c98039242c52/io.micrometer/micrometer-jakarta9/1.16.5,/home/runner/work/native-ci-measure/native-ci-measure/target/graalvm-reachability-metadata/4d933a1e5995672a4af2d6646367c98039242c52/org.springframework/spring-aop/6.1.0,/home/runner/work/native-ci-measure/native-ci-measure/target/graalvm-reachability-metadata/4d933a1e5995672a4af2d6646367c98039242c52/ch.qos.logback/logback-core/1.5.33,/home/runner/work/native-ci-measure/native-ci-measure/target/graalvm-reachability-metadata/4d933a1e5995672a4af2d6646367c98039242c52/org.springframework.boot/spring-boot-actuator/2.6.3,/home/runner/work/native-ci-measure/native-ci-measure/target/graalvm-reachability-metadata/4d933a1e5995672a4af2d6646367c98039242c52/org.springframework/spring-expression/6.2.7,/home/runner/work/native-ci-measure/native-ci-measure/target/graalvm-reachability-metadata/4d933a1e5995672a4af2d6646367c98039242c52/org.yaml/snakeyaml/2.0,/home/runner/work/native-ci-measure/native-ci-measure/target/graalvm-reachability-metadata/4d933a1e5995672a4af2d6646367c98039242c52/org.springframework.boot/spring-boot-web-server/4.0.2,/home/runner/work/native-ci-measure/native-ci-measure/target/graalvm-reachability-metadata/4d933a1e5995672a4af2d6646367c98039242c52/org.slf4j/jul-to-slf4j/1.7.30,/home/runner/work/native-ci-measure/native-ci-measure/target/graalvm-reachability-metadata/4d933a1e5995672a4af2d6646367c98039242c52/org.jspecify/jspecify/1.0.0,/home/runner/work/native-ci-measure/native-ci-measure/target/graalvm-reachability-metadata/4d933a1e5995672a4af2d6646367c98039242c52/org.springframework/spring-web/5.3.18,/home/runner/work/native-ci-measure/native-ci-measure/target/graalvm-reachability-metadata/4d933a1e5995672a4af2d6646367c98039242c52/commons-logging/commons-logging/1.2,/home/runner/work/native-ci-measure/native-ci-measure/target/graalvm-reachability-metadata/4d933a1e5995672a4af2d6646367c98039242c52/org.springframework.boot/spring-boot-servlet/4.0.6,/home/runner/work/native-ci-measure/native-ci-measure/target/graalvm-reachability-metadata/4d933a1e5995672a4af2d6646367c98039242c52/io.micrometer/micrometer-observation/1.16.4,/home/runner/work/native-ci-measure/native-ci-measure/target/graalvm-reachability-metadata/4d933a1e5995672a4af2d6646367c98039242c52/org.apache.tomcat.embed/tomcat-embed-websocket/9.0.83,/home/runner/work/native-ci-measure/native-ci-measure/target/graalvm-reachability-metadata/4d933a1e5995672a4af2d6646367c98039242c52/org.apache.tomcat.embed/tomcat-embed-el/9.0.83,/home/runner/work/native-ci-measure/native-ci-measure/target/graalvm-reachability-metadata/4d933a1e5995672a4af2d6646367c98039242c52/org.springframework.boot/spring-boot-micrometer-metrics/4.0.6,/home/runner/work/native-ci-measure/native-ci-measure/target/graalvm-reachability-metadata/4d933a1e5995672a4af2d6646367c98039242c52/org.apache.tomcat.embed/tomcat-embed-core/11.0.18,/home/runner/work/native-ci-measure/native-ci-measure/target/graalvm-reachability-metadata/4d933a1e5995672a4af2d6646367c98039242c52/org.springframework.boot/spring-boot-actuator-autoconfigure/2.6.3,/home/runner/work/native-ci-measure/native-ci-measure/target/graalvm-reachability-metadata/4d933a1e5995672a4af2d6646367c98039242c52/tools.jackson.core/jackson-databind/3.0.0,/home/runner/work/native-ci-measure/native-ci-measure/target/graalvm-reachability-metadata/4d933a1e5995672a4af2d6646367c98039242c52/org.slf4j/slf4j-api/1.7.36,/home/runner/work/native-ci-measure/native-ci-measure/target/graalvm-reachability-metadata/4d933a1e5995672a4af2d6646367c98039242c52/tools.jackson.core/jackson-core/3.0.0,/home/runner/work/native-ci-measure/native-ci-measure/target/graalvm-reachability-metadata/4d933a1e5995672a4af2d6646367c98039242c52/org.hdrhistogram/HdrHistogram/2.1.12,/home/runner/work/native-ci-measure/native-ci-measure/target/graalvm-reachability-metadata/4d933a1e5995672a4af2d6646367c98039242c52/org.springframework/spring-context/5.3.15,/home/runner/work/native-ci-measure/native-ci-measure/target/graalvm-reachability-metadata/4d933a1e5995672a4af2d6646367c98039242c52/jakarta.annotation/jakarta.annotation-api/3.0.0,/home/runner/work/native-ci-measure/native-ci-measure/target/graalvm-reachability-metadata/4d933a1e5995672a4af2d6646367c98039242c52/ch.qos.logback/logback-classic/1.5.29,/home/runner/work/native-ci-measure/native-ci-measure/target/graalvm-reachability-metadata/4d933a1e5995672a4af2d6646367c98039242c52/com.fasterxml.jackson.core/jackson-annotations/2.3.0,/home/runner/work/native-ci-measure/native-ci-measure/target/graalvm-reachability-metadata/4d933a1e5995672a4af2d6646367c98039242c52/org.springframework.boot/spring-boot-health/4.0.6,/home/runner/work/native-ci-measure/native-ci-measure/target/graalvm-reachability-metadata/4d933a1e5995672a4af2d6646367c98039242c52/io.micrometer/micrometer-commons/1.16.0,/home/runner/work/native-ci-measure/native-ci-measure/target/graalvm-reachability-metadata/4d933a1e5995672a4af2d6646367c98039242c52/io.micrometer/micrometer-jakarta9/1.16.5,/home/runner/work/native-ci-measure/native-ci-measure/target/graalvm-reachability-metadata/4d933a1e5995672a4af2d6646367c98039242c52/org.springframework/spring-aop/6.1.0,/home/runner/work/native-ci-measure/native-ci-measure/target/graalvm-reachability-metadata/4d933a1e5995672a4af2d6646367c98039242c52/ch.qos.logback/logback-core/1.5.33,/home/runner/work/native-ci-measure/native-ci-measure/target/graalvm-reachability-metadata/4d933a1e5995672a4af2d6646367c98039242c52/org.springframework.boot/spring-boot-actuator/2.6.3,/home/runner/work/native-ci-measure/native-ci-measure/target/graalvm-reachability-metadata/4d933a1e5995672a4af2d6646367c98039242c52/org.springframework/spring-expression/6.2.7,/home/runner/work/native-ci-measure/native-ci-measure/target/graalvm-reachability-metadata/4d933a1e5995672a4af2d6646367c98039242c52/org.yaml/snakeyaml/2.0,/home/runner/work/native-ci-measure/native-ci-measure/target/graalvm-reachability-metadata/4d933a1e5995672a4af2d6646367c98039242c52/org.springframework.boot/spring-boot-web-server/4.0.2,/home/runner/work/native-ci-measure/native-ci-measure/target/graalvm-reachability-metadata/4d933a1e5995672a4af2d6646367c98039242c52/org.slf4j/jul-to-slf4j/1.7.30,/home/runner/work/native-ci-measure/native-ci-measure/target/graalvm-reachability-metadata/4d933a1e5995672a4af2d6646367c98039242c52/org.jspecify/jspecify/1.0.0,/home/runner/work/native-ci-measure/native-ci-measure/target/graalvm-reachability-metadata/4d933a1e5995672a4af2d6646367c98039242c52/org.springframework/spring-web/5.3.18,/home/runner/work/native-ci-measure/native-ci-measure/target/graalvm-reachability-metadata/4d933a1e5995672a4af2d6646367c98039242c52/commons-logging/commons-logging/1.2,/home/runner/work/native-ci-measure/native-ci-measure/target/graalvm-reachability-metadata/4d933a1e5995672a4af2d6646367c98039242c52/org.springframework.boot/spring-boot-servlet/4.0.6,/home/runner/work/native-ci-measure/native-ci-measure/target/graalvm-reachability-metadata/4d933a1e5995672a4af2d6646367c98039242c52/io.micrometer/micrometer-observation/1.16.4,/home/runner/work/native-ci-measure/native-ci-measure/target/graalvm-reachability-metadata/4d933a1e5995672a4af2d6646367c98039242c52/org.apache.tomcat.embed/tomcat-embed-websocket/9.0.83
Picked up NATIVE_IMAGE_OPTIONS: -H:BuildOutputJSONFile=/home/runner/work/native-ci-measure/native-ci-measure/out/build-output.json
Warning: The option '-H:-BuildOutputColorful' is experimental and must be enabled via '-H:+UnlockExperimentalVMOptions' in the future.
Warning: The option '-H:BuildOutputJSONFile=/home/runner/work/native-ci-measure/native-ci-measure/out/build-output.json' is experimental and must be enabled via '-H:+UnlockExperimentalVMOptions' in the future.
Warning: Please re-evaluate whether any experimental option is required, and either remove or unlock it. The build output lists all active experimental options, including where they come from and possible alternatives. If you think an experimental option should be considered as stable, please file an issue.
Warning: Option 'DynamicProxyConfigurationResources' is deprecated and might be removed in a future release: This can be caused by a proxy-config.json file in your META-INF directory. Consider including proxy configuration in the reflection section of reachability-metadata.md instead.. Please refer to the GraalVM release notes.
Warning: Option 'BuildOutputColorful' is deprecated and might be removed in a future release: Please use '--color' instead.. Please refer to the GraalVM release notes.
========================================================================================================================
GraalVM Native Image: Generating 'native-ci-measure' (executable)...
========================================================================================================================
For detailed information and explanations on the build output, visit:
https://github.com/oracle/graal/blob/master/docs/reference-manual/native-image/BuildOutput.md
------------------------------------------------------------------------------------------------------------------------
[1/8] Initializing...                                                                                    (8.6s @ 0.19GB)
 Java version: 25.0.2+10, vendor version: GraalVM CE 25.0.2+10.1
 Graal compiler: optimization level: 2, target machine: x86-64-v3
 C compiler: gcc (linux, x86_64, 13.3.0)
 Garbage collector: Serial GC (max heap size: 80% of RAM)
 2 user-specific feature(s):
 - com.oracle.svm.thirdparty.gson.GsonFeature
 - org.springframework.aot.nativex.feature.PreComputeFieldFeature
------------------------------------------------------------------------------------------------------------------------
 2 experimental option(s) unlocked:
 - '-H:BuildOutputJSONFile' (origin(s): command line)
 - '-H:-BuildOutputColorful' (origin(s): command line)
------------------------------------------------------------------------------------------------------------------------
Build resources:
 - 12.67GB of memory (75.6% of system memory, $CI set to 'true')
 - 4 thread(s) (100.0% of 4 available processor(s), determined at start)
SLF4J(W): No SLF4J providers were found.
SLF4J(W): Defaulting to no-operation (NOP) logger implementation
SLF4J(W): See https://www.slf4j.org/codes.html#noProviders for further details.
[2/8] Performing analysis...  [*****]                                                                   (75.3s @ 1.95GB)
   20,120 types,  29,154 fields, and  91,932 methods found reachable
    7,493 types,   4,032 fields, and  16,649 methods registered for reflection
       68 types,      71 fields, and      58 methods registered for JNI access
        0 downcalls and 0 upcalls registered for foreign access
        4 native libraries: dl, pthread, rt, z
[3/8] Building universe...                                                                               (9.5s @ 2.21GB)
[4/8] Parsing methods...      [***]                                                                      (7.1s @ 2.44GB)
[5/8] Inlining methods...     [***]                                                                      (5.5s @ 2.67GB)
[6/8] Compiling methods...    [*********]                                                               (79.0s @ 2.27GB)
[7/8] Laying out methods...   [***]                                                                      (8.8s @ 3.04GB)
[8/8] Creating image...       [***]                                                                      (6.4s @ 3.40GB)
  47.68MB (46.59%) for code area:    60,689 compilation units
  45.35MB (44.31%) for image heap:  418,164 objects and 807 resources
   9.32MB ( 9.10%) for other data
 102.35MB in total image size, 97.19MB in total file size
------------------------------------------------------------------------------------------------------------------------
Top 10 origins of code area:                                Top 10 object types in image heap:
  16.02MB java.base                                           12.57MB byte[] for code metadata
   6.00MB tomcat-embed-core-11.0.24.jar                        6.14MB byte[] for java.lang.String
   3.70MB java.xml                                             4.16MB byte[] for embedded resources
   2.26MB svm.jar (Native Image)                               4.02MB com.oracle.svm.core.hub.DynamicHubCompanion
   2.11MB jackson-databind-3.1.5.jar                           3.89MB java.lang.String
   1.89MB spring-core-7.0.9.jar                                2.86MB java.lang.Class
   1.63MB spring-boot-4.1.1.jar                                1.45MB byte[] for reflection metadata
   1.24MB spring-beans-7.0.9.jar                             877.68kB byte[] for general heap data
   1.01MB spring-web-7.0.9.jar                               733.52kB c.o.svm.core.hub.DynamicHub$ReflectionMetadata
 936.53kB spring-webmvc-7.0.9.jar                            731.75kB java.lang.String[]
   9.95MB for 108 more packages                                7.90MB for 4234 more object types
------------------------------------------------------------------------------------------------------------------------
Recommendations:
 FUTR: Use '--future-defaults=all' to prepare for future releases.
 AWT:  Use the tracing agent to collect metadata for AWT.
 HEAP: Set max heap for improved and more predictable memory usage.
 CPU:  Enable more CPU features with '-march=native' for improved performance.
------------------------------------------------------------------------------------------------------------------------
                       19.4s (9.5% of total time) in 2289 GCs | Peak RSS: 4.44GB | CPU load: 3.65
------------------------------------------------------------------------------------------------------------------------
Build artifacts:
 /home/runner/work/native-ci-measure/native-ci-measure/out/build-output.json (build_info)
 /home/runner/work/native-ci-measure/native-ci-measure/target/libawt.so (jdk_library)
 /home/runner/work/native-ci-measure/native-ci-measure/target/libawt_headless.so (jdk_library)
 /home/runner/work/native-ci-measure/native-ci-measure/target/libawt_xawt.so (jdk_library)
 /home/runner/work/native-ci-measure/native-ci-measure/target/libjava.so (jdk_library_shim)
 /home/runner/work/native-ci-measure/native-ci-measure/target/libjvm.so (jdk_library_shim)
 /home/runner/work/native-ci-measure/native-ci-measure/target/libmanagement_ext.so (jdk_library)
 /home/runner/work/native-ci-measure/native-ci-measure/target/native-ci-measure (executable)
========================================================================================================================
Finished generating 'native-ci-measure' in 3m 23s.
[INFO] ------------------------------------------------------------------------
[INFO] BUILD SUCCESS
[INFO] ------------------------------------------------------------------------
[INFO] Total time:  03:33 min
[INFO] Finished at: 2026-08-29T11:15:21Z
[INFO] ------------------------------------------------------------------------
